../Core/Src/main.c:439:6:SystemClock_Config	88	static,ignoring_inline_asm
../Core/Src/main.c:1424:6:Read_ADC3	0	static
../Core/Src/main.c:1444:6:Set_PWM_DutyCycle	0	static
../Core/Src/main.c:1450:6:HAL_ADC_ConvCpltCallback	16	static
../Core/Src/main.c:1468:6:calculateMovingAverage	20	static
../Core/Src/main.c:1486:6:Update_PWM_Frequency	16	static
../Core/Src/main.c:1521:6:Update_PWM_DutyCycle	0	static
../Core/Src/main.c:1526:6:FillBuffer	40	static
../Core/Src/main.c:1534:9:Check_Faults	8	static
../Core/Src/main.c:1546:9:Check_Ready	8	static
../Core/Src/main.c:1623:9:RAMP	0	static
../Core/Src/main.c:1371:16:handle_event	8	static
../Core/Src/main.c:1639:6:regulatorPI	40	static
../Core/Src/main.c:1693:7:Low_pass_filter	16	static
../Core/Src/main.c:1701:6:FAN_Drive	16	static
../Core/Src/main.c:1557:6:HAL_TIM_PeriodElapsedCallback	56	static
../Core/Src/main.c:1731:6:CDC_Receive_FS	8	static
../Core/Src/main.c:1736:6:SendUSBMessage	16	static
../Core/Src/main.c:1820:6:DisplayAllVariables	136	static
../Core/Src/main.c:1744:6:ParseUSBCommand	8	static
../Core/Src/main.c:233:5:main	152	static,ignoring_inline_asm
../Core/Src/main.c:1875:6:Error_Handler	0	static,ignoring_inline_asm
