../Core/Src/main.c:221:5:main	16	static
../Core/Src/main.c:426:6:SystemClock_Config	88	static
../Core/Src/main.c:474:13:MX_ADC1_Init	56	static
../Core/Src/main.c:542:13:MX_ADC3_Init	56	static
../Core/Src/main.c:653:13:MX_ADC4_Init	40	static
../Core/Src/main.c:712:13:MX_ADC5_Init	40	static
../Core/Src/main.c:771:13:MX_DAC1_Init	56	static
../Core/Src/main.c:826:13:MX_DAC2_Init	56	static
../Core/Src/main.c:873:13:MX_TIM1_Init	104	static
../Core/Src/main.c:945:13:MX_TIM2_Init	48	static
../Core/Src/main.c:994:13:MX_TIM4_Init	64	static
../Core/Src/main.c:1052:13:MX_TIM8_Init	104	static
../Core/Src/main.c:1124:13:MX_TIM15_Init	40	static
../Core/Src/main.c:1170:13:MX_TIM16_Init	8	static
../Core/Src/main.c:1202:13:MX_UART4_Init	8	static
../Core/Src/main.c:1248:13:MX_DMA_Init	16	static
../Core/Src/main.c:1279:13:MX_GPIO_Init	56	static
../Core/Src/main.c:1365:16:handle_event	16	static
../Core/Src/main.c:1418:6:Read_ADC3	4	static
../Core/Src/main.c:1438:6:Set_PWM_DutyCycle	24	static
../Core/Src/main.c:1444:6:HAL_ADC_ConvCpltCallback	16	static
../Core/Src/main.c:1466:6:calculateMovingAverage	40	static
../Core/Src/main.c:1484:6:Update_PWM_Frequency	40	static
../Core/Src/main.c:1498:6:Update_PWM_DutyCycle	24	static
../Core/Src/main.c:1503:6:FillBuffer	16	static
../Core/Src/main.c:1511:9:Check_Faults	8	static
../Core/Src/main.c:1523:9:Check_Ready	8	static
../Core/Src/main.c:1534:6:HAL_TIM_PeriodElapsedCallback	32	static
../Core/Src/main.c:1577:6:RAMP	4	static
../Core/Src/main.c:1590:6:regulatorPI	64	static
../Core/Src/main.c:1644:7:Low_pass_filter	32	static
../Core/Src/main.c:1652:6:FAN_Drive	16	static
../Core/Src/main.c:1678:6:Error_Handler	4	static,ignoring_inline_asm
