../Core/Src/main.c:228:5:main	8	static
../Core/Src/main.c:434:6:SystemClock_Config	88	static
../Core/Src/main.c:482:13:MX_ADC1_Init	56	static
../Core/Src/main.c:550:13:MX_ADC3_Init	56	static
../Core/Src/main.c:661:13:MX_ADC4_Init	40	static
../Core/Src/main.c:720:13:MX_ADC5_Init	40	static
../Core/Src/main.c:779:13:MX_DAC1_Init	56	static
../Core/Src/main.c:834:13:MX_DAC2_Init	56	static
../Core/Src/main.c:881:13:MX_TIM1_Init	104	static
../Core/Src/main.c:953:13:MX_TIM4_Init	64	static
../Core/Src/main.c:1011:13:MX_TIM7_Init	24	static
../Core/Src/main.c:1049:13:MX_TIM8_Init	104	static
../Core/Src/main.c:1121:13:MX_TIM15_Init	40	static
../Core/Src/main.c:1167:13:MX_TIM16_Init	8	static
../Core/Src/main.c:1199:13:MX_UART4_Init	8	static
../Core/Src/main.c:1245:13:MX_DMA_Init	16	static
../Core/Src/main.c:1276:13:MX_GPIO_Init	56	static
../Core/Src/main.c:1362:16:handle_event	16	static
../Core/Src/main.c:1415:6:Read_ADC3	4	static
../Core/Src/main.c:1435:6:Set_PWM_DutyCycle	24	static
../Core/Src/main.c:1441:6:HAL_ADC_ConvCpltCallback	16	static
../Core/Src/main.c:1463:6:calculateMovingAverage	40	static
../Core/Src/main.c:1481:6:Update_PWM_Frequency	40	static
../Core/Src/main.c:1516:6:Update_PWM_DutyCycle	24	static
../Core/Src/main.c:1521:6:FillBuffer	16	static
../Core/Src/main.c:1529:9:Check_Faults	8	static
../Core/Src/main.c:1541:9:Check_Ready	8	static
../Core/Src/main.c:1552:6:HAL_TIM_PeriodElapsedCallback	40	static
../Core/Src/main.c:1619:9:RAMP	4	static
../Core/Src/main.c:1635:6:regulatorPI	64	static
../Core/Src/main.c:1689:7:Low_pass_filter	32	static
../Core/Src/main.c:1697:6:FAN_Drive	24	static
../Core/Src/main.c:1727:6:CDC_Receive_FS	16	static
../Core/Src/main.c:1732:6:SendUSBMessage	24	static
../Core/Src/main.c:1740:6:ParseUSBCommand	8	static
../Core/Src/main.c:1799:6:DisplayAllVariables	136	static
../Core/Src/main.c:1854:6:Error_Handler	4	static,ignoring_inline_asm
