../Core/Src/main.c:231:5:main	8	static
../Core/Src/main.c:439:6:SystemClock_Config	88	static
../Core/Src/main.c:487:13:MX_ADC1_Init	56	static
../Core/Src/main.c:555:13:MX_ADC3_Init	56	static
../Core/Src/main.c:666:13:MX_ADC4_Init	40	static
../Core/Src/main.c:725:13:MX_ADC5_Init	40	static
../Core/Src/main.c:788:13:MX_DAC1_Init	56	static
../Core/Src/main.c:843:13:MX_DAC2_Init	56	static
../Core/Src/main.c:890:13:MX_TIM1_Init	104	static
../Core/Src/main.c:962:13:MX_TIM4_Init	64	static
../Core/Src/main.c:1020:13:MX_TIM7_Init	24	static
../Core/Src/main.c:1058:13:MX_TIM8_Init	104	static
../Core/Src/main.c:1130:13:MX_TIM15_Init	40	static
../Core/Src/main.c:1176:13:MX_TIM16_Init	8	static
../Core/Src/main.c:1208:13:MX_UART4_Init	8	static
../Core/Src/main.c:1254:13:MX_DMA_Init	16	static
../Core/Src/main.c:1285:13:MX_GPIO_Init	56	static
../Core/Src/main.c:1371:16:handle_event	16	static
../Core/Src/main.c:1424:6:Read_ADC3	4	static
../Core/Src/main.c:1444:6:Set_PWM_DutyCycle	24	static
../Core/Src/main.c:1450:6:HAL_ADC_ConvCpltCallback	24	static
../Core/Src/main.c:1468:6:calculateMovingAverage	40	static
../Core/Src/main.c:1486:6:Update_PWM_Frequency	40	static
../Core/Src/main.c:1523:6:Update_PWM_DutyCycle	24	static
../Core/Src/main.c:1528:6:FillBuffer	16	static
../Core/Src/main.c:1536:9:Check_Faults	8	static
../Core/Src/main.c:1548:9:Check_Ready	8	static
../Core/Src/main.c:1559:6:HAL_TIM_PeriodElapsedCallback	40	static
../Core/Src/main.c:1625:9:RAMP	4	static
../Core/Src/main.c:1641:6:regulatorPI	64	static
../Core/Src/main.c:1695:7:Low_pass_filter	32	static
../Core/Src/main.c:1703:6:FAN_Drive	24	static
../Core/Src/main.c:1733:6:CDC_Receive_FS	16	static
../Core/Src/main.c:1738:6:SendUSBMessage	24	static
../Core/Src/main.c:1746:6:ParseUSBCommand	8	static
../Core/Src/main.c:1822:6:DisplayAllVariables	136	static
../Core/Src/main.c:1877:6:Error_Handler	4	static,ignoring_inline_asm
