../Core/Src/main.c:383:5:main	32	static
../Core/Src/main.c:816:6:SystemClock_Config	88	static
../Core/Src/main.c:864:13:MX_ADC1_Init	56	static
../Core/Src/main.c:932:13:MX_ADC3_Init	56	static
../Core/Src/main.c:1044:13:MX_ADC4_Init	40	static
../Core/Src/main.c:1103:13:MX_ADC5_Init	40	static
../Core/Src/main.c:1166:13:MX_CORDIC_Init	8	static
../Core/Src/main.c:1192:13:MX_DAC1_Init	56	static
../Core/Src/main.c:1247:13:MX_DAC2_Init	56	static
../Core/Src/main.c:1294:13:MX_TIM1_Init	104	static
../Core/Src/main.c:1367:13:MX_TIM4_Init	64	static
../Core/Src/main.c:1425:13:MX_TIM6_Init	24	static
../Core/Src/main.c:1464:13:MX_TIM7_Init	24	static
../Core/Src/main.c:1502:13:MX_TIM8_Init	104	static
../Core/Src/main.c:1575:13:MX_TIM15_Init	40	static
../Core/Src/main.c:1621:13:MX_TIM16_Init	8	static
../Core/Src/main.c:1653:13:MX_UART4_Init	8	static
../Core/Src/main.c:1699:13:MX_DMA_Init	16	static
../Core/Src/main.c:1730:13:MX_GPIO_Init	56	static
../Core/Src/main.c:1866:16:handle_event	16	static
../Core/Src/main.c:1924:6:Read_ADC3	4	static
../Core/Src/main.c:1944:6:Set_PWM_DutyCycle	24	static
../Core/Src/main.c:1950:6:HAL_ADC_ConvCpltCallback	24	static
../Core/Src/main.c:1974:6:calculateMovingAverage	40	static
../Core/Src/main.c:1992:6:Update_PWM_Frequency	40	static
../Core/Src/main.c:2029:6:Update_PWM_DutyCycle	24	static
../Core/Src/main.c:2034:6:FillBuffer	16	static
../Core/Src/main.c:2042:9:Check_Faults	8	static
../Core/Src/main.c:2054:9:Check_Ready	8	static
../Core/Src/main.c:2065:6:HAL_TIM_PeriodElapsedCallback	24	static
../Core/Src/main.c:2152:9:RAMP	24	static
../Core/Src/main.c:2175:6:regulatorPI	40	static
../Core/Src/main.c:2234:7:Low_pass_filter	24	static
../Core/Src/main.c:2242:6:FAN_Drive	16	static
../Core/Src/main.c:2274:6:SendUSBMessage	24	static
../Core/Src/main.c:2294:6:ParseUSBCommand	8	static
../Core/Src/main.c:2372:9:float_to_integer	32	static
../Core/Src/main.c:2398:7:integer_to_float	32	static
../Core/Src/main.c:2445:21:approx_acos2	24	static
../Core/Src/main.c:2459:7:lookup_acos	24	static
../Core/Src/main.c:2476:6:DisplayAllVariables	136	static
../Core/Src/main.c:2531:6:Error_Handler	4	static,ignoring_inline_asm
