Archive member included to satisfy reference by file (symbol)

C:/ST/STM32CubeIDE_1.16.0/STM32CubeIDE/plugins/com.st.stm32cube.ide.mcu.externaltools.gnu-tools-for-stm32.12.3.rel1.win32_1.0.200.202406191623/tools/bin/../lib/gcc/arm-none-eabi/12.3.1/../../../../arm-none-eabi/lib/thumb/v7e-m+fp/hard\libc_nano.a(libc_a-exit.o)
                              C:/ST/STM32CubeIDE_1.16.0/STM32CubeIDE/plugins/com.st.stm32cube.ide.mcu.externaltools.gnu-tools-for-stm32.12.3.rel1.win32_1.0.200.202406191623/tools/bin/../lib/gcc/arm-none-eabi/12.3.1/../../../../arm-none-eabi/lib/thumb/v7e-m+fp/hard/crt0.o (exit)
C:/ST/STM32CubeIDE_1.16.0/STM32CubeIDE/plugins/com.st.stm32cube.ide.mcu.externaltools.gnu-tools-for-stm32.12.3.rel1.win32_1.0.200.202406191623/tools/bin/../lib/gcc/arm-none-eabi/12.3.1/../../../../arm-none-eabi/lib/thumb/v7e-m+fp/hard\libc_nano.a(libc_a-findfp.o)
                              C:/ST/STM32CubeIDE_1.16.0/STM32CubeIDE/plugins/com.st.stm32cube.ide.mcu.externaltools.gnu-tools-for-stm32.12.3.rel1.win32_1.0.200.202406191623/tools/bin/../lib/gcc/arm-none-eabi/12.3.1/../../../../arm-none-eabi/lib/thumb/v7e-m+fp/hard\libc_nano.a(libc_a-exit.o) (__stdio_exit_handler)
C:/ST/STM32CubeIDE_1.16.0/STM32CubeIDE/plugins/com.st.stm32cube.ide.mcu.externaltools.gnu-tools-for-stm32.12.3.rel1.win32_1.0.200.202406191623/tools/bin/../lib/gcc/arm-none-eabi/12.3.1/../../../../arm-none-eabi/lib/thumb/v7e-m+fp/hard\libc_nano.a(libc_a-fwalk.o)
                              C:/ST/STM32CubeIDE_1.16.0/STM32CubeIDE/plugins/com.st.stm32cube.ide.mcu.externaltools.gnu-tools-for-stm32.12.3.rel1.win32_1.0.200.202406191623/tools/bin/../lib/gcc/arm-none-eabi/12.3.1/../../../../arm-none-eabi/lib/thumb/v7e-m+fp/hard\libc_nano.a(libc_a-findfp.o) (_fwalk_sglue)
C:/ST/STM32CubeIDE_1.16.0/STM32CubeIDE/plugins/com.st.stm32cube.ide.mcu.externaltools.gnu-tools-for-stm32.12.3.rel1.win32_1.0.200.202406191623/tools/bin/../lib/gcc/arm-none-eabi/12.3.1/../../../../arm-none-eabi/lib/thumb/v7e-m+fp/hard\libc_nano.a(libc_a-sprintf.o)
                              ./Core/Src/main.o (sprintf)
C:/ST/STM32CubeIDE_1.16.0/STM32CubeIDE/plugins/com.st.stm32cube.ide.mcu.externaltools.gnu-tools-for-stm32.12.3.rel1.win32_1.0.200.202406191623/tools/bin/../lib/gcc/arm-none-eabi/12.3.1/../../../../arm-none-eabi/lib/thumb/v7e-m+fp/hard\libc_nano.a(libc_a-sscanf.o)
                              ./Core/Src/main.o (sscanf)
C:/ST/STM32CubeIDE_1.16.0/STM32CubeIDE/plugins/com.st.stm32cube.ide.mcu.externaltools.gnu-tools-for-stm32.12.3.rel1.win32_1.0.200.202406191623/tools/bin/../lib/gcc/arm-none-eabi/12.3.1/../../../../arm-none-eabi/lib/thumb/v7e-m+fp/hard\libc_nano.a(libc_a-stdio.o)
                              C:/ST/STM32CubeIDE_1.16.0/STM32CubeIDE/plugins/com.st.stm32cube.ide.mcu.externaltools.gnu-tools-for-stm32.12.3.rel1.win32_1.0.200.202406191623/tools/bin/../lib/gcc/arm-none-eabi/12.3.1/../../../../arm-none-eabi/lib/thumb/v7e-m+fp/hard\libc_nano.a(libc_a-findfp.o) (__sread)
C:/ST/STM32CubeIDE_1.16.0/STM32CubeIDE/plugins/com.st.stm32cube.ide.mcu.externaltools.gnu-tools-for-stm32.12.3.rel1.win32_1.0.200.202406191623/tools/bin/../lib/gcc/arm-none-eabi/12.3.1/../../../../arm-none-eabi/lib/thumb/v7e-m+fp/hard\libc_nano.a(libc_a-memset.o)
                              C:/ST/STM32CubeIDE_1.16.0/STM32CubeIDE/plugins/com.st.stm32cube.ide.mcu.externaltools.gnu-tools-for-stm32.12.3.rel1.win32_1.0.200.202406191623/tools/bin/../lib/gcc/arm-none-eabi/12.3.1/../../../../arm-none-eabi/lib/thumb/v7e-m+fp/hard/crt0.o (memset)
C:/ST/STM32CubeIDE_1.16.0/STM32CubeIDE/plugins/com.st.stm32cube.ide.mcu.externaltools.gnu-tools-for-stm32.12.3.rel1.win32_1.0.200.202406191623/tools/bin/../lib/gcc/arm-none-eabi/12.3.1/../../../../arm-none-eabi/lib/thumb/v7e-m+fp/hard\libc_nano.a(libc_a-strncmp.o)
                              ./Core/Src/main.o (strncmp)
C:/ST/STM32CubeIDE_1.16.0/STM32CubeIDE/plugins/com.st.stm32cube.ide.mcu.externaltools.gnu-tools-for-stm32.12.3.rel1.win32_1.0.200.202406191623/tools/bin/../lib/gcc/arm-none-eabi/12.3.1/../../../../arm-none-eabi/lib/thumb/v7e-m+fp/hard\libc_nano.a(libc_a-closer.o)
                              C:/ST/STM32CubeIDE_1.16.0/STM32CubeIDE/plugins/com.st.stm32cube.ide.mcu.externaltools.gnu-tools-for-stm32.12.3.rel1.win32_1.0.200.202406191623/tools/bin/../lib/gcc/arm-none-eabi/12.3.1/../../../../arm-none-eabi/lib/thumb/v7e-m+fp/hard\libc_nano.a(libc_a-stdio.o) (_close_r)
C:/ST/STM32CubeIDE_1.16.0/STM32CubeIDE/plugins/com.st.stm32cube.ide.mcu.externaltools.gnu-tools-for-stm32.12.3.rel1.win32_1.0.200.202406191623/tools/bin/../lib/gcc/arm-none-eabi/12.3.1/../../../../arm-none-eabi/lib/thumb/v7e-m+fp/hard\libc_nano.a(libc_a-reent.o)
                              C:/ST/STM32CubeIDE_1.16.0/STM32CubeIDE/plugins/com.st.stm32cube.ide.mcu.externaltools.gnu-tools-for-stm32.12.3.rel1.win32_1.0.200.202406191623/tools/bin/../lib/gcc/arm-none-eabi/12.3.1/../../../../arm-none-eabi/lib/thumb/v7e-m+fp/hard\libc_nano.a(libc_a-closer.o) (errno)
[...]
Memory Configuration

Name             Origin             Length             Attributes
RAM              0x20000000         0x00020000         xrw
FLASH            0x08000000         0x00080000         xr
*default*        0x00000000         0xffffffff

Linker script and memory map

LOAD C:/ST/STM32CubeIDE_1.16.0/STM32CubeIDE/plugins/com.st.stm32cube.ide.mcu.externaltools.gnu-tools-for-stm32.12.3.rel1.win32_1.0.200.202406191623/tools/bin/../lib/gcc/arm-none-eabi/12.3.1/thumb/v7e-m+fp/hard/crti.o
LOAD C:/ST/STM32CubeIDE_1.16.0/STM32CubeIDE/plugins/com.st.stm32cube.ide.mcu.externaltools.gnu-tools-for-stm32.12.3.rel1.win32_1.0.200.202406191623/tools/bin/../lib/gcc/arm-none-eabi/12.3.1/thumb/v7e-m+fp/hard/crtbegin.o
LOAD C:/ST/STM32CubeIDE_1.16.0/STM32CubeIDE/plugins/com.st.stm32cube.ide.mcu.externaltools.gnu-tools-for-stm32.12.3.rel1.win32_1.0.200.202406191623/tools/bin/../lib/gcc/arm-none-eabi/12.3.1/../../../../arm-none-eabi/lib/thumb/v7e-m+fp/hard/crt0.o
LOAD ./Core/Src/main.o
LOAD ./Core/Src/stm32g4xx_hal_msp.o
LOAD ./Core/Src/stm32g4xx_it.o
LOAD ./Core/Src/syscalls.o
LOAD ./Core/Src/sysmem.o
LOAD ./Core/Src/system_stm32g4xx.o
LOAD ./Core/Src/usb_device.o
LOAD ./Core/Startup/startup_stm32g474vetx.o
LOAD ./Drivers/STM32G4xx_HAL_Driver/Src/stm32g4xx_hal.o
LOAD ./Drivers/STM32G4xx_HAL_Driver/Src/stm32g4xx_hal_adc.o
LOAD ./Drivers/STM32G4xx_HAL_Driver/Src/stm32g4xx_hal_adc_ex.o
LOAD ./Drivers/STM32G4xx_HAL_Driver/Src/stm32g4xx_hal_cortex.o
LOAD ./Drivers/STM32G4xx_HAL_Driver/Src/stm32g4xx_hal_dac.o
LOAD ./Drivers/STM32G4xx_HAL_Driver/Src/stm32g4xx_hal_dac_ex.o
LOAD ./Drivers/STM32G4xx_HAL_Driver/Src/stm32g4xx_hal_dma.o
LOAD ./Drivers/STM32G4xx_HAL_Driver/Src/stm32g4xx_hal_dma_ex.o
LOAD ./Drivers/STM32G4xx_HAL_Driver/Src/stm32g4xx_hal_exti.o
LOAD ./Drivers/STM32G4xx_HAL_Driver/Src/stm32g4xx_hal_flash.o
LOAD ./Drivers/STM32G4xx_HAL_Driver/Src/stm32g4xx_hal_flash_ex.o
LOAD ./Drivers/STM32G4xx_HAL_Driver/Src/stm32g4xx_hal_flash_ramfunc.o
LOAD ./Drivers/STM32G4xx_HAL_Driver/Src/stm32g4xx_hal_gpio.o
LOAD ./Drivers/STM32G4xx_HAL_Driver/Src/stm32g4xx_hal_pcd.o
LOAD ./Drivers/STM32G4xx_HAL_Driver/Src/stm32g4xx_hal_pcd_ex.o
LOAD ./Drivers/STM32G4xx_HAL_Driver/Src/stm32g4xx_hal_pwr.o
LOAD ./Drivers/STM32G4xx_HAL_Driver/Src/stm32g4xx_hal_pwr_ex.o
LOAD ./Drivers/STM32G4xx_HAL_Driver/Src/stm32g4xx_hal_rcc.o
LOAD ./Drivers/STM32G4xx_HAL_Driver/Src/stm32g4xx_hal_rcc_ex.o
LOAD ./Drivers/STM32G4xx_HAL_Driver/Src/stm32g4xx_hal_tim.o
LOAD ./Drivers/STM32G4xx_HAL_Driver/Src/stm32g4xx_hal_tim_ex.o
LOAD ./Drivers/STM32G4xx_HAL_Driver/Src/stm32g4xx_hal_uart.o
LOAD ./Drivers/STM32G4xx_HAL_Driver/Src/stm32g4xx_hal_uart_ex.o
LOAD ./Drivers/STM32G4xx_HAL_Driver/Src/stm32g4xx_ll_adc.o
LOAD ./Drivers/STM32G4xx_HAL_Driver/Src/stm32g4xx_ll_usb.o
LOAD ./Middlewares/ST/STM32_USB_Device_Library/Class/CDC/Src/usbd_cdc.o
LOAD ./Middlewares/ST/STM32_USB_Device_Library/Core/Src/usbd_core.o
LOAD ./Middlewares/ST/STM32_USB_Device_Library/Core/Src/usbd_ctlreq.o
LOAD ./Middlewares/ST/STM32_USB_Device_Library/Core/Src/usbd_ioreq.o
LOAD ./USB_Device/App/usb_device.o
LOAD ./USB_Device/App/usbd_cdc_if.o
LOAD ./USB_Device/App/usbd_desc.o
LOAD ./USB_Device/Target/usbd_conf.o
START GROUP
LOAD C:/ST/STM32CubeIDE_1.16.0/STM32CubeIDE/plugins/com.st.stm32cube.ide.mcu.externaltools.gnu-tools-for-stm32.12.3.rel1.win32_1.0.200.202406191623/tools/bin/../lib/gcc/arm-none-eabi/12.3.1/../../../../arm-none-eabi/lib/thumb/v7e-m+fp/hard\libc_nano.a
LOAD C:/ST/STM32CubeIDE_1.16.0/STM32CubeIDE/plugins/com.st.stm32cube.ide.mcu.externaltools.gnu-tools-for-stm32.12.3.rel1.win32_1.0.200.202406191623/tools/bin/../lib/gcc/arm-none-eabi/12.3.1/../../../../arm-none-eabi/lib/thumb/v7e-m+fp/hard\libm.a
END GROUP
START GROUP
LOAD C:/ST/STM32CubeIDE_1.16.0/STM32CubeIDE/plugins/com.st.stm32cube.ide.mcu.externaltools.gnu-tools-for-stm32.12.3.rel1.win32_1.0.200.202406191623/tools/bin/../lib/gcc/arm-none-eabi/12.3.1/thumb/v7e-m+fp/hard\libgcc.a
LOAD C:/ST/STM32CubeIDE_1.16.0/STM32CubeIDE/plugins/com.st.stm32cube.ide.mcu.externaltools.gnu-tools-for-stm32.12.3.rel1.win32_1.0.200.202406191623/tools/bin/../lib/gcc/arm-none-eabi/12.3.1/../../../../arm-none-eabi/lib/thumb/v7e-m+fp/hard\libc_nano.a
END GROUP
START GROUP
LOAD C:/ST/STM32CubeIDE_1.16.0/STM32CubeIDE/plugins/com.st.stm32cube.ide.mcu.externaltools.gnu-tools-for-stm32.12.3.rel1.win32_1.0.200.202406191623/tools/bin/../lib/gcc/arm-none-eabi/12.3.1/thumb/v7e-m+fp/hard\libgcc.a
LOAD C:/ST/STM32CubeIDE_1.16.0/STM32CubeIDE/plugins/com.st.stm32cube.ide.mcu.externaltools.gnu-tools-for-stm32.12.3.rel1.win32_1.0.200.202406191623/tools/bin/../lib/gcc/arm-none-eabi/12.3.1/../../../../arm-none-eabi/lib/thumb/v7e-m+fp/hard\libc_nano.a
LOAD C:/ST/STM32CubeIDE_1.16.0/STM32CubeIDE/plugins/com.st.stm32cube.ide.mcu.externaltools.gnu-tools-for-stm32.12.3.rel1.win32_1.0.200.202406191623/tools/bin/../lib/gcc/arm-none-eabi/12.3.1/../../../../arm-none-eabi/lib/thumb/v7e-m+fp/hard\libnosys.a
END GROUP
START GROUP
LOAD C:/ST/STM32CubeIDE_1.16.0/STM32CubeIDE/plugins/com.st.stm32cube.ide.mcu.externaltools.gnu-tools-for-stm32.12.3.rel1.win32_1.0.200.202406191623/tools/bin/../lib/gcc/arm-none-eabi/12.3.1/thumb/v7e-m+fp/hard\libgcc.a
LOAD C:/ST/STM32CubeIDE_1.16.0/STM32CubeIDE/plugins/com.st.stm32cube.ide.mcu.externaltools.gnu-tools-for-stm32.12.3.rel1.win32_1.0.200.202406191623/tools/bin/../lib/gcc/arm-none-eabi/12.3.1/../../../../arm-none-eabi/lib/thumb/v7e-m+fp/hard\libc_nano.a
LOAD C:/ST/STM32CubeIDE_1.16.0/STM32CubeIDE/plugins/com.st.stm32cube.ide.mcu.externaltools.gnu-tools-for-stm32.12.3.rel1.win32_1.0.200.202406191623/tools/bin/../lib/gcc/arm-none-eabi/12.3.1/../../../../arm-none-eabi/lib/thumb/v7e-m+fp/hard\libnosys.a
END GROUP
LOAD C:/ST/STM32CubeIDE_1.16.0/STM32CubeIDE/plugins/com.st.stm32cube.ide.mcu.externaltools.gnu-tools-for-stm32.12.3.rel1.win32_1.0.200.202406191623/tools/bin/../lib/gcc/arm-none-eabi/12.3.1/thumb/v7e-m+fp/hard/crtend.o
LOAD C:/ST/STM32CubeIDE_1.16.0/STM32CubeIDE/plugins/com.st.stm32cube.ide.mcu.externaltools.gnu-tools-for-stm32.12.3.rel1.win32_1.0.200.202406191623/tools/bin/../lib/gcc/arm-none-eabi/12.3.1/thumb/v7e-m+fp/hard/crtn.o
                0x20020000                        _estack = (ORIGIN (RAM) + LENGTH (RAM))
                0x00000200                        _Min_Heap_Size = 0x200
                0x00000400                        _Min_Stack_Size = 0x400

.isr_vector     0x08000000      0x1d8
                0x08000000                        . = ALIGN (0x4)
 *(.isr_vector)
 .isr_vector    0x08000000      0x1d8 ./Core/Startup/startup_stm32g474vetx.o
                0x08000000                g_pfnVectors
                0x080001d8                        . = ALIGN (0x4)

.text           0x080001e0     0xabd0
                0x080001e0                        . = ALIGN (0x4)
 *(.text)
 .text          0x080001e0       0x40 C:/ST/STM32CubeIDE_1.16.0/STM32CubeIDE/plugins/com.st.stm32cube.ide.mcu.externaltools.gnu-tools-for-stm32.12.3.rel1.win32_1.0.200.202406191623/tools/bin/../lib/gcc/arm-none-eabi/12.3.1/thumb/v7e-m+fp/hard/crtbegin.o
 .text          0x08000220       0x10 C:/ST/STM32CubeIDE_1.16.0/STM32CubeIDE/plugins/com.st.stm32cube.ide.mcu.externaltools.gnu-tools-for-stm32.12.3.rel1.win32_1.0.200.202406191623/tools/bin/../lib/gcc/arm-none-eabi/12.3.1/../../../../arm-none-eabi/lib/thumb/v7e-m+fp/hard\libc_nano.a(libc_a-strlen.o)
                0x08000220                strlen
 .text          0x08000230       0xa0 C:/ST/STM32CubeIDE_1.16.0/STM32CubeIDE/plugins/com.st.stm32cube.ide.mcu.externaltools.gnu-tools-for-stm32.12.3.rel1.win32_1.0.200.202406191623/tools/bin/../lib/gcc/arm-none-eabi/12.3.1/../../../../arm-none-eabi/lib/thumb/v7e-m+fp/hard\libc_nano.a(libc_a-memchr.o)
                0x08000230                memchr
 .text          0x080002d0      0x378 C:/ST/STM32CubeIDE_1.16.0/STM32CubeIDE/plugins/com.st.stm32cube.ide.mcu.externaltools.gnu-tools-for-stm32.12.3.rel1.win32_1.0.200.202406191623/tools/bin/../lib/gcc/arm-none-eabi/12.3.1/thumb/v7e-m+fp/hard\libgcc.a(_arm_addsubdf3.o)
                0x080002d0                __aeabi_drsub
                0x080002d8                __aeabi_dsub
                0x080002d8                __subdf3
                0x080002dc                __aeabi_dadd
                0x080002dc                __adddf3
                0x08000554                __floatunsidf
                0x08000554                __aeabi_ui2d
                0x08000574                __floatsidf
                0x08000574                __aeabi_i2d
                0x08000598                __aeabi_f2d
                0x08000598                __extendsfdf2
                0x080005dc                __floatundidf
                0x080005dc                __aeabi_ul2d
                0x080005ec                __floatdidf
                0x080005ec                __aeabi_l2d
 .text          0x08000648      0x424 C:/ST/STM32CubeIDE_1.16.0/STM32CubeIDE/plugins/com.st.stm32cube.ide.mcu.externaltools.gnu-tools-for-stm32.12.3.rel1.win32_1.0.200.202406191623/tools/bin/../lib/gcc/arm-none-eabi/12.3.1/thumb/v7e-m+fp/hard\libgcc.a(_arm_muldivdf3.o)
                0x08000648                __aeabi_dmul
                0x08000648                __muldf3
                0x0800089c                __divdf3
                0x0800089c                __aeabi_ddiv
 .text          0x08000a6c      0x110 C:/ST/STM32CubeIDE_1.16.0/STM32CubeIDE/plugins/com.st.stm32cube.ide.mcu.externaltools.gnu-tools-for-stm32.12.3.rel1.win32_1.0.200.202406191623/tools/bin/../lib/gcc/arm-none-eabi/12.3.1/thumb/v7e-m+fp/hard\libgcc.a(_arm_cmpdf2.o)
                0x08000a6c                __gtdf2
                0x08000a6c                __gedf2
                0x08000a74                __ltdf2
                0x08000a74                __ledf2
                0x08000a7c                __nedf2
                0x08000a7c                __eqdf2
                0x08000a7c                __cmpdf2
                0x08000af8                __aeabi_cdrcmple
                0x08000b08                __aeabi_cdcmpeq
                0x08000b08                __aeabi_cdcmple
                0x08000b18                __aeabi_dcmpeq
                0x08000b2c                __aeabi_dcmplt
                0x08000b40                __aeabi_dcmple
                0x08000b54                __aeabi_dcmpge
                0x08000b68                __aeabi_dcmpgt
 .text          0x08000b7c       0x2c C:/ST/STM32CubeIDE_1.16.0/STM32CubeIDE/plugins/com.st.stm32cube.ide.mcu.externaltools.gnu-tools-for-stm32.12.3.rel1.win32_1.0.200.202406191623/tools/bin/../lib/gcc/arm-none-eabi/12.3.1/thumb/v7e-m+fp/hard\libgcc.a(_arm_unorddf2.o)
                0x08000b7c                __unorddf2
                0x08000b7c                __aeabi_dcmpun
 .text          0x08000ba8       0x50 C:/ST/STM32CubeIDE_1.16.0/STM32CubeIDE/plugins/com.st.stm32cube.ide.mcu.externaltools.gnu-tools-for-stm32.12.3.rel1.win32_1.0.200.202406191623/tools/bin/../lib/gcc/arm-none-eabi/12.3.1/thumb/v7e-m+fp/hard\libgcc.a(_arm_fixdfsi.o)
                0x08000ba8                __aeabi_d2iz
                0x08000ba8                __fixdfsi
 .text          0x08000bf8       0xa0 C:/ST/STM32CubeIDE_1.16.0/STM32CubeIDE/plugins/com.st.stm32cube.ide.mcu.externaltools.gnu-tools-for-stm32.12.3.rel1.win32_1.0.200.202406191623/tools/bin/../lib/gcc/arm-none-eabi/12.3.1/thumb/v7e-m+fp/hard\libgcc.a(_arm_truncdfsf2.o)
                0x08000bf8                __truncdfsf2
                0x08000bf8                __aeabi_d2f
 .text          0x08000c98       0x30 C:/ST/STM32CubeIDE_1.16.0/STM32CubeIDE/plugins/com.st.stm32cube.ide.mcu.externaltools.gnu-tools-for-stm32.12.3.rel1.win32_1.0.200.202406191623/tools/bin/../lib/gcc/arm-none-eabi/12.3.1/thumb/v7e-m+fp/hard\libgcc.a(_aeabi_uldivmod.o)
                0x08000c98                __aeabi_uldivmod
 .text          0x08000cc8      0x2bc C:/ST/STM32CubeIDE_1.16.0/STM32CubeIDE/plugins/com.st.stm32cube.ide.mcu.externaltools.gnu-tools-for-stm32.12.3.rel1.win32_1.0.200.202406191623/tools/bin/../lib/gcc/arm-none-eabi/12.3.1/thumb/v7e-m+fp/hard\libgcc.a(_udivmoddi4.o)
                0x08000cc8                __udivmoddi4
 .text          0x08000f84        0x4 C:/ST/STM32CubeIDE_1.16.0/STM32CubeIDE/plugins/com.st.stm32cube.ide.mcu.externaltools.gnu-tools-for-stm32.12.3.rel1.win32_1.0.200.202406191623/tools/bin/../lib/gcc/arm-none-eabi/12.3.1/thumb/v7e-m+fp/hard\libgcc.a(_dvmd_tls.o)
                0x08000f84                __aeabi_idiv0
                0x08000f84                __aeabi_ldiv0
 *(.text*)
 .text.SystemClock_Config
                0x08000f88       0x72 ./Core/Src/main.o
                0x08000f88                SystemClock_Config
 *fill*         0x08000ffa        0x2 
 .text.Set_PWM_DutyCycle
                0x08000ffc       0x20 ./Core/Src/main.o
                0x08000ffc                Set_PWM_DutyCycle
 *fill*         0x0800101c        0x4 
 .text.HAL_ADC_ConvCpltCallback
                0x08001020       0x80 ./Core/Src/main.o
                0x08001020                HAL_ADC_ConvCpltCallback
 .text.Update_PWM_Frequency
                0x080010a0       0x64 ./Core/Src/main.o
                0x080010a0                Update_PWM_Frequency
 .text.Check_Faults
                0x08001104       0x64 ./Core/Src/main.o
                0x08001104                Check_Faults
 .text.Check_Ready
                0x08001168       0x3c ./Core/Src/main.o
                0x08001168                Check_Ready
 .text.RAMP     0x080011a4       0x3c ./Core/Src/main.o
                0x080011a4                RAMP
 .text.handle_event
                0x080011e0       0x4e ./Core/Src/main.o
                0x080011e0                handle_event
 *fill*         0x0800122e        0x2 
 .text.regulatorPI
                0x08001230       0xbc ./Core/Src/main.o
                0x08001230                regulatorPI
 *fill*         0x080012ec        0x4 
 .text.FAN_Drive
                0x080012f0      0x128 ./Core/Src/main.o
                0x080012f0                FAN_Drive
 .text.HAL_TIM_PeriodElapsedCallback
                0x08001418      0x564 ./Core/Src/main.o
                0x08001418                HAL_TIM_PeriodElapsedCallback
 .text.SendUSBMessage
                0x0800197c       0x30 ./Core/Src/main.o
                0x0800197c                SendUSBMessage
 .text.DisplayAllVariables
                0x080019ac      0x200 ./Core/Src/main.o
                0x080019ac                DisplayAllVariables
 .text.ParseUSBCommand
                0x08001bac      0x2b4 ./Core/Src/main.o
                0x08001bac                ParseUSBCommand
 .text.startup.main
                0x08001e60      0xa0c ./Core/Src/main.o
                0x08001e60                main
 .text.Error_Handler
                0x0800286c        0x4 ./Core/Src/main.o
                0x0800286c                Error_Handler
 .text.HAL_MspInit
                0x08002870       0x34 ./Core/Src/stm32g4xx_hal_msp.o
                0x08002870                HAL_MspInit
 .text.HAL_ADC_MspInit
                0x080028a4      0x238 ./Core/Src/stm32g4xx_hal_msp.o
                0x080028a4                HAL_ADC_MspInit
 .text.HAL_DAC_MspInit
                0x08002adc       0xf8 ./Core/Src/stm32g4xx_hal_msp.o
                0x08002adc                HAL_DAC_MspInit
 .text.HAL_TIM_PWM_MspInit
                0x08002bd4       0x60 ./Core/Src/stm32g4xx_hal_msp.o
                0x08002bd4                HAL_TIM_PWM_MspInit
 .text.HAL_TIM_Base_MspInit
                0x08002c34       0xa0 ./Core/Src/stm32g4xx_hal_msp.o
                0x08002c34                HAL_TIM_Base_MspInit
 .text.HAL_TIM_MspPostInit
                0x08002cd4       0xac ./Core/Src/stm32g4xx_hal_msp.o
                0x08002cd4                HAL_TIM_MspPostInit
 .text.HAL_UART_MspInit
                0x08002d80       0x88 ./Core/Src/stm32g4xx_hal_msp.o
                0x08002d80                HAL_UART_MspInit
 .text.NMI_Handler
                0x08002e08        0x2 ./Core/Src/stm32g4xx_it.o
                0x08002e08                NMI_Handler
 .text.HardFault_Handler
                0x08002e0a        0x2 ./Core/Src/stm32g4xx_it.o
                0x08002e0a                HardFault_Handler
 .text.MemManage_Handler
                0x08002e0c        0x2 ./Core/Src/stm32g4xx_it.o
                0x08002e0c                MemManage_Handler
 .text.BusFault_Handler
                0x08002e0e        0x2 ./Core/Src/stm32g4xx_it.o
                0x08002e0e                BusFault_Handler
 .text.UsageFault_Handler
                0x08002e10        0x2 ./Core/Src/stm32g4xx_it.o
                0x08002e10                UsageFault_Handler
 .text.SVC_Handler
                0x08002e12        0x2 ./Core/Src/stm32g4xx_it.o
                0x08002e12                SVC_Handler
 .text.DebugMon_Handler
                0x08002e14        0x2 ./Core/Src/stm32g4xx_it.o
                0x08002e14                DebugMon_Handler
 .text.PendSV_Handler
                0x08002e16        0x2 ./Core/Src/stm32g4xx_it.o
                0x08002e16                PendSV_Handler
 .text.SysTick_Handler
                0x08002e18        0x4 ./Core/Src/stm32g4xx_it.o
                0x08002e18                SysTick_Handler
 .text.DMA1_Channel1_IRQHandler
                0x08002e1c        0xc ./Core/Src/stm32g4xx_it.o
                0x08002e1c                DMA1_Channel1_IRQHandler
 .text.DMA1_Channel2_IRQHandler
                0x08002e28        0xc ./Core/Src/stm32g4xx_it.o
                0x08002e28                DMA1_Channel2_IRQHandler
 .text.DMA1_Channel3_IRQHandler
                0x08002e34        0xc ./Core/Src/stm32g4xx_it.o
                0x08002e34                DMA1_Channel3_IRQHandler
 .text.DMA1_Channel4_IRQHandler
                0x08002e40        0xc ./Core/Src/stm32g4xx_it.o
                0x08002e40                DMA1_Channel4_IRQHandler
 .text.DMA1_Channel5_IRQHandler
                0x08002e4c        0xc ./Core/Src/stm32g4xx_it.o
                0x08002e4c                DMA1_Channel5_IRQHandler
 .text.USB_LP_IRQHandler
                0x08002e58        0xc ./Core/Src/stm32g4xx_it.o
                0x08002e58                USB_LP_IRQHandler
 .text.TIM1_BRK_TIM15_IRQHandler
                0x08002e64       0x1c ./Core/Src/stm32g4xx_it.o
                0x08002e64                TIM1_BRK_TIM15_IRQHandler
 .text._sbrk    0x08002e80       0x40 ./Core/Src/sysmem.o
                0x08002e80                _sbrk
 .text.SystemInit
                0x08002ec0       0x14 ./Core/Src/system_stm32g4xx.o
                0x08002ec0                SystemInit
 .text.Reset_Handler
                0x08002ed4       0x50 ./Core/Startup/startup_stm32g474vetx.o
                0x08002ed4                Reset_Handler
 .text.Default_Handler
                0x08002f24        0x2 ./Core/Startup/startup_stm32g474vetx.o
                0x08002f24                RTC_Alarm_IRQHandler
                0x08002f24                EXTI2_IRQHandler
                0x08002f24                TIM8_TRG_COM_IRQHandler
                0x08002f24                TIM8_CC_IRQHandler
                0x08002f24                HRTIM1_Master_IRQHandler
                0x08002f24                SPI4_IRQHandler
                0x08002f24                FDCAN3_IT0_IRQHandler
                0x08002f24                TIM1_CC_IRQHandler
                0x08002f24                HRTIM1_FLT_IRQHandler
                0x08002f24                HRTIM1_TIMF_IRQHandler
                0x08002f24                USB_HP_IRQHandler
                0x08002f24                CORDIC_IRQHandler
                0x08002f24                HRTIM1_TIMD_IRQHandler
                0x08002f24                DMA2_Channel8_IRQHandler
                0x08002f24                EXTI3_IRQHandler
                0x08002f24                I2C3_ER_IRQHandler
                0x08002f24                EXTI0_IRQHandler
                0x08002f24                I2C2_EV_IRQHandler
                0x08002f24                FPU_IRQHandler
                0x08002f24                FDCAN1_IT1_IRQHandler
                0x08002f24                TIM1_UP_TIM16_IRQHandler
                0x08002f24                ADC1_2_IRQHandler
                0x08002f24                HRTIM1_TIME_IRQHandler
                0x08002f24                SPI1_IRQHandler
                0x08002f24                TIM6_DAC_IRQHandler
                0x08002f24                HRTIM1_TIMC_IRQHandler
                0x08002f24                TIM8_UP_IRQHandler
                0x08002f24                DMA2_Channel2_IRQHandler
                0x08002f24                TIM20_TRG_COM_IRQHandler
                0x08002f24                USART3_IRQHandler
                0x08002f24                DMA1_Channel7_IRQHandler
                0x08002f24                UART5_IRQHandler
                0x08002f24                ADC3_IRQHandler
                0x08002f24                TIM4_IRQHandler
                0x08002f24                DMA2_Channel1_IRQHandler
                0x08002f24                QUADSPI_IRQHandler
                0x08002f24                I2C1_EV_IRQHandler
                0x08002f24                DMA1_Channel6_IRQHandler
                0x08002f24                UART4_IRQHandler
                0x08002f24                DMA2_Channel4_IRQHandler
                0x08002f24                TIM3_IRQHandler
                0x08002f24                RCC_IRQHandler
                0x08002f24                TIM20_UP_IRQHandler
                0x08002f24                Default_Handler
                0x08002f24                DMA2_Channel7_IRQHandler
                0x08002f24                RTC_TAMP_LSECSS_IRQHandler
                0x08002f24                FMAC_IRQHandler
                0x08002f24                EXTI15_10_IRQHandler
                0x08002f24                DMA1_Channel8_IRQHandler
                0x08002f24                HRTIM1_TIMA_IRQHandler
                0x08002f24                TIM7_DAC_IRQHandler
                0x08002f24                FDCAN3_IT1_IRQHandler
                0x08002f24                TIM5_IRQHandler
                0x08002f24                UCPD1_IRQHandler
                0x08002f24                I2C3_EV_IRQHandler
                0x08002f24                EXTI9_5_IRQHandler
                0x08002f24                RTC_WKUP_IRQHandler
                0x08002f24                PVD_PVM_IRQHandler
                0x08002f24                SPI2_IRQHandler
                0x08002f24                ADC5_IRQHandler
                0x08002f24                DMA2_Channel5_IRQHandler
                0x08002f24                CRS_IRQHandler
                0x08002f24                EXTI4_IRQHandler
                0x08002f24                RNG_IRQHandler
                0x08002f24                HRTIM1_TIMB_IRQHandler
                0x08002f24                TIM1_TRG_COM_TIM17_IRQHandler
                0x08002f24                FDCAN2_IT1_IRQHandler
                0x08002f24                ADC4_IRQHandler
                0x08002f24                WWDG_IRQHandler
                0x08002f24                I2C4_EV_IRQHandler
                0x08002f24                FDCAN2_IT0_IRQHandler
                0x08002f24                LPUART1_IRQHandler
                0x08002f24                DMA2_Channel6_IRQHandler
                0x08002f24                FDCAN1_IT0_IRQHandler
                0x08002f24                TIM2_IRQHandler
                0x08002f24                COMP7_IRQHandler
                0x08002f24                COMP1_2_3_IRQHandler
                0x08002f24                EXTI1_IRQHandler
                0x08002f24                USART2_IRQHandler
                0x08002f24                COMP4_5_6_IRQHandler
                0x08002f24                TIM20_BRK_IRQHandler
                0x08002f24                I2C2_ER_IRQHandler
                0x08002f24                TIM8_BRK_IRQHandler
                0x08002f24                FLASH_IRQHandler
                0x08002f24                TIM20_CC_IRQHandler
                0x08002f24                USART1_IRQHandler
                0x08002f24                SPI3_IRQHandler
                0x08002f24                I2C1_ER_IRQHandler
                0x08002f24                FMC_IRQHandler
                0x08002f24                LPTIM1_IRQHandler
                0x08002f24                DMAMUX_OVR_IRQHandler
                0x08002f24                I2C4_ER_IRQHandler
                0x08002f24                USBWakeUp_IRQHandler
                0x08002f24                SAI1_IRQHandler
                0x08002f24                DMA2_Channel3_IRQHandler
 *fill*         0x08002f26        0x2 
 .text.HAL_InitTick
                0x08002f28       0x4c ./Drivers/STM32G4xx_HAL_Driver/Src/stm32g4xx_hal.o
                0x08002f28                HAL_InitTick
 .text.HAL_Init
                0x08002f74       0x1e ./Drivers/STM32G4xx_HAL_Driver/Src/stm32g4xx_hal.o
                0x08002f74                HAL_Init
 *fill*         0x08002f92        0x2 
 .text.HAL_IncTick
                0x08002f94       0x18 ./Drivers/STM32G4xx_HAL_Driver/Src/stm32g4xx_hal.o
                0x08002f94                HAL_IncTick
 .text.HAL_GetTick
                0x08002fac        0xc ./Drivers/STM32G4xx_HAL_Driver/Src/stm32g4xx_hal.o
                0x08002fac                HAL_GetTick
 .text.LL_ADC_SetChannelSamplingTime
                0x08002fb8       0x20 ./Drivers/STM32G4xx_HAL_Driver/Src/stm32g4xx_hal_adc.o
 .text.LL_ADC_IsEnabled
                0x08002fd8        0x8 ./Drivers/STM32G4xx_HAL_Driver/Src/stm32g4xx_hal_adc.o
 .text.LL_ADC_REG_IsConversionOngoing
                0x08002fe0        0x8 ./Drivers/STM32G4xx_HAL_Driver/Src/stm32g4xx_hal_adc.o
 .text.HAL_ADC_Init
                0x08002fe8      0x230 ./Drivers/STM32G4xx_HAL_Driver/Src/stm32g4xx_hal_adc.o
                0x08002fe8                HAL_ADC_Init
 .text.HAL_ADC_ConvHalfCpltCallback
                0x08003218        0x2 ./Drivers/STM32G4xx_HAL_Driver/Src/stm32g4xx_hal_adc.o
                0x08003218                HAL_ADC_ConvHalfCpltCallback
 .text.ADC_DMAHalfConvCplt
                0x0800321a        0xa ./Drivers/STM32G4xx_HAL_Driver/Src/stm32g4xx_hal_adc.o
                0x0800321a                ADC_DMAHalfConvCplt
 .text.HAL_ADC_ErrorCallback
                0x08003224        0x2 ./Drivers/STM32G4xx_HAL_Driver/Src/stm32g4xx_hal_adc.o
                0x08003224                HAL_ADC_ErrorCallback
 .text.ADC_DMAConvCplt
                0x08003226       0x68 ./Drivers/STM32G4xx_HAL_Driver/Src/stm32g4xx_hal_adc.o
                0x08003226                ADC_DMAConvCplt
 .text.ADC_DMAError
                0x0800328e       0x1a ./Drivers/STM32G4xx_HAL_Driver/Src/stm32g4xx_hal_adc.o
                0x0800328e                ADC_DMAError
 .text.HAL_ADC_ConfigChannel
                0x080032a8      0x3f0 ./Drivers/STM32G4xx_HAL_Driver/Src/stm32g4xx_hal_adc.o
                0x080032a8                HAL_ADC_ConfigChannel
 .text.ADC_Enable
                0x08003698       0xd0 ./Drivers/STM32G4xx_HAL_Driver/Src/stm32g4xx_hal_adc.o
                0x08003698                ADC_Enable
 .text.HAL_ADC_Start_DMA
                0x08003768      0x100 ./Drivers/STM32G4xx_HAL_Driver/Src/stm32g4xx_hal_adc.o
                0x08003768                HAL_ADC_Start_DMA
 .text.ADC_Disable
                0x08003868       0x6a ./Drivers/STM32G4xx_HAL_Driver/Src/stm32g4xx_hal_adc.o
                0x08003868                ADC_Disable
 .text.LL_ADC_IsEnabled
                0x080038d2        0x8 ./Drivers/STM32G4xx_HAL_Driver/Src/stm32g4xx_hal_adc_ex.o
 .text.LL_ADC_REG_IsConversionOngoing
                0x080038da        0x8 ./Drivers/STM32G4xx_HAL_Driver/Src/stm32g4xx_hal_adc_ex.o
 *fill*         0x080038e2        0x2 
 .text.HAL_ADCEx_Calibration_Start
                0x080038e4       0x98 ./Drivers/STM32G4xx_HAL_Driver/Src/stm32g4xx_hal_adc_ex.o
                0x080038e4                HAL_ADCEx_Calibration_Start
 .text.HAL_ADCEx_MultiModeConfigChannel
                0x0800397c      0x14c ./Drivers/STM32G4xx_HAL_Driver/Src/stm32g4xx_hal_adc_ex.o
                0x0800397c                HAL_ADCEx_MultiModeConfigChannel
 .text.HAL_NVIC_SetPriorityGrouping
                0x08003ac8       0x24 ./Drivers/STM32G4xx_HAL_Driver/Src/stm32g4xx_hal_cortex.o
                0x08003ac8                HAL_NVIC_SetPriorityGrouping
 .text.HAL_NVIC_SetPriority
                0x08003aec       0x64 ./Drivers/STM32G4xx_HAL_Driver/Src/stm32g4xx_hal_cortex.o
                0x08003aec                HAL_NVIC_SetPriority
 .text.HAL_NVIC_EnableIRQ
                0x08003b50       0x1c ./Drivers/STM32G4xx_HAL_Driver/Src/stm32g4xx_hal_cortex.o
                0x08003b50                HAL_NVIC_EnableIRQ
 .text.HAL_SYSTICK_Config
                0x08003b6c       0x28 ./Drivers/STM32G4xx_HAL_Driver/Src/stm32g4xx_hal_cortex.o
                0x08003b6c                HAL_SYSTICK_Config
 .text.HAL_DAC_Init
                0x08003b94       0x26 ./Drivers/STM32G4xx_HAL_Driver/Src/stm32g4xx_hal_dac.o
                0x08003b94                HAL_DAC_Init
 *fill*         0x08003bba        0x2 
 .text.HAL_DAC_Start
                0x08003bbc       0x80 ./Drivers/STM32G4xx_HAL_Driver/Src/stm32g4xx_hal_dac.o
                0x08003bbc                HAL_DAC_Start
 .text.HAL_DAC_SetValue
                0x08003c3c       0x2c ./Drivers/STM32G4xx_HAL_Driver/Src/stm32g4xx_hal_dac.o
                0x08003c3c                HAL_DAC_SetValue
 .text.HAL_DAC_ConfigChannel
                0x08003c68      0x1d0 ./Drivers/STM32G4xx_HAL_Driver/Src/stm32g4xx_hal_dac.o
                0x08003c68                HAL_DAC_ConfigChannel
 .text.DMA_SetConfig
                0x08003e38       0x34 ./Drivers/STM32G4xx_HAL_Driver/Src/stm32g4xx_hal_dma.o
 .text.DMA_CalcDMAMUXChannelBaseAndMask
                0x08003e6c       0x48 ./Drivers/STM32G4xx_HAL_Driver/Src/stm32g4xx_hal_dma.o
 .text.HAL_DMA_Init
                0x08003eb4       0xe0 ./Drivers/STM32G4xx_HAL_Driver/Src/stm32g4xx_hal_dma.o
                0x08003eb4                HAL_DMA_Init
 .text.HAL_DMA_Start_IT
                0x08003f94       0x80 ./Drivers/STM32G4xx_HAL_Driver/Src/stm32g4xx_hal_dma.o
                0x08003f94                HAL_DMA_Start_IT
 .text.HAL_DMA_IRQHandler
                0x08004014       0x94 ./Drivers/STM32G4xx_HAL_Driver/Src/stm32g4xx_hal_dma.o
                0x08004014                HAL_DMA_IRQHandler
 .text.HAL_GPIO_Init
                0x080040a8      0x194 ./Drivers/STM32G4xx_HAL_Driver/Src/stm32g4xx_hal_gpio.o
                0x080040a8                HAL_GPIO_Init
 .text.HAL_GPIO_ReadPin
                0x0800423c        0xc ./Drivers/STM32G4xx_HAL_Driver/Src/stm32g4xx_hal_gpio.o
                0x0800423c                HAL_GPIO_ReadPin
 .text.HAL_GPIO_WritePin
                0x08004248        0xa ./Drivers/STM32G4xx_HAL_Driver/Src/stm32g4xx_hal_gpio.o
                0x08004248                HAL_GPIO_WritePin
 .text.HAL_GPIO_TogglePin
                0x08004252       0x12 ./Drivers/STM32G4xx_HAL_Driver/Src/stm32g4xx_hal_gpio.o
                0x08004252                HAL_GPIO_TogglePin
 .text.HAL_PCD_Init
                0x08004264       0xa8 ./Drivers/STM32G4xx_HAL_Driver/Src/stm32g4xx_hal_pcd.o
                0x08004264                HAL_PCD_Init
 .text.HAL_PCD_Start
                0x0800430c       0x2a ./Drivers/STM32G4xx_HAL_Driver/Src/stm32g4xx_hal_pcd.o
                0x0800430c                HAL_PCD_Start
 .text.HAL_PCD_SetAddress
                0x08004336       0x26 ./Drivers/STM32G4xx_HAL_Driver/Src/stm32g4xx_hal_pcd.o
                0x08004336                HAL_PCD_SetAddress
 .text.HAL_PCD_IRQHandler
                0x0800435c      0x9c4 ./Drivers/STM32G4xx_HAL_Driver/Src/stm32g4xx_hal_pcd.o
                0x0800435c                HAL_PCD_IRQHandler
 .text.HAL_PCD_EP_Open
                0x08004d20       0x6c ./Drivers/STM32G4xx_HAL_Driver/Src/stm32g4xx_hal_pcd.o
                0x08004d20                HAL_PCD_EP_Open
 .text.HAL_PCD_EP_Close
                0x08004d8c       0x5c ./Drivers/STM32G4xx_HAL_Driver/Src/stm32g4xx_hal_pcd.o
                0x08004d8c                HAL_PCD_EP_Close
 .text.HAL_PCD_EP_Receive
                0x08004de8       0x2c ./Drivers/STM32G4xx_HAL_Driver/Src/stm32g4xx_hal_pcd.o
                0x08004de8                HAL_PCD_EP_Receive
 .text.HAL_PCD_EP_GetRxCount
                0x08004e14       0x10 ./Drivers/STM32G4xx_HAL_Driver/Src/stm32g4xx_hal_pcd.o
                0x08004e14                HAL_PCD_EP_GetRxCount
 .text.HAL_PCD_EP_Transmit
                0x08004e24       0x36 ./Drivers/STM32G4xx_HAL_Driver/Src/stm32g4xx_hal_pcd.o
                0x08004e24                HAL_PCD_EP_Transmit
 .text.HAL_PCD_EP_SetStall
                0x08004e5a       0x60 ./Drivers/STM32G4xx_HAL_Driver/Src/stm32g4xx_hal_pcd.o
                0x08004e5a                HAL_PCD_EP_SetStall
 .text.HAL_PCD_EP_ClrStall
                0x08004eba       0x6e ./Drivers/STM32G4xx_HAL_Driver/Src/stm32g4xx_hal_pcd.o
                0x08004eba                HAL_PCD_EP_ClrStall
 .text.HAL_PCDEx_PMAConfig
                0x08004f28       0x34 ./Drivers/STM32G4xx_HAL_Driver/Src/stm32g4xx_hal_pcd_ex.o
                0x08004f28                HAL_PCDEx_PMAConfig
 .text.HAL_PCDEx_ActivateLPM
                0x08004f5c       0x2c ./Drivers/STM32G4xx_HAL_Driver/Src/stm32g4xx_hal_pcd_ex.o
                0x08004f5c                HAL_PCDEx_ActivateLPM
 .text.HAL_PWREx_ControlVoltageScaling
                0x08004f88       0xb0 ./Drivers/STM32G4xx_HAL_Driver/Src/stm32g4xx_hal_pwr_ex.o
                0x08004f88                HAL_PWREx_ControlVoltageScaling
 .text.HAL_PWREx_DisableUCPDDeadBattery
                0x08005038       0x10 ./Drivers/STM32G4xx_HAL_Driver/Src/stm32g4xx_hal_pwr_ex.o
                0x08005038                HAL_PWREx_DisableUCPDDeadBattery
 .text.HAL_RCC_OscConfig
                0x08005048      0x418 ./Drivers/STM32G4xx_HAL_Driver/Src/stm32g4xx_hal_rcc.o
                0x08005048                HAL_RCC_OscConfig
 .text.HAL_RCC_GetSysClockFreq
                0x08005460       0x6c ./Drivers/STM32G4xx_HAL_Driver/Src/stm32g4xx_hal_rcc.o
                0x08005460                HAL_RCC_GetSysClockFreq
 .text.HAL_RCC_ClockConfig
                0x080054cc      0x1e8 ./Drivers/STM32G4xx_HAL_Driver/Src/stm32g4xx_hal_rcc.o
                0x080054cc                HAL_RCC_ClockConfig
 .text.HAL_RCC_GetHCLKFreq
                0x080056b4        0xc ./Drivers/STM32G4xx_HAL_Driver/Src/stm32g4xx_hal_rcc.o
                0x080056b4                HAL_RCC_GetHCLKFreq
 .text.HAL_RCC_GetPCLK1Freq
                0x080056c0       0x24 ./Drivers/STM32G4xx_HAL_Driver/Src/stm32g4xx_hal_rcc.o
                0x080056c0                HAL_RCC_GetPCLK1Freq
 .text.HAL_RCC_GetPCLK2Freq
                0x080056e4       0x24 ./Drivers/STM32G4xx_HAL_Driver/Src/stm32g4xx_hal_rcc.o
                0x080056e4                HAL_RCC_GetPCLK2Freq
 .text.HAL_RCCEx_PeriphCLKConfig
                0x08005708      0x2f0 ./Drivers/STM32G4xx_HAL_Driver/Src/stm32g4xx_hal_rcc_ex.o
                0x08005708                HAL_RCCEx_PeriphCLKConfig
 .text.TIM_OC1_SetConfig
                0x080059f8       0xa8 ./Drivers/STM32G4xx_HAL_Driver/Src/stm32g4xx_hal_tim.o
 .text.TIM_OC3_SetConfig
                0x08005aa0       0x98 ./Drivers/STM32G4xx_HAL_Driver/Src/stm32g4xx_hal_tim.o
 .text.TIM_OC4_SetConfig
                0x08005b38       0x9c ./Drivers/STM32G4xx_HAL_Driver/Src/stm32g4xx_hal_tim.o
 .text.TIM_OC5_SetConfig
                0x08005bd4       0x70 ./Drivers/STM32G4xx_HAL_Driver/Src/stm32g4xx_hal_tim.o
 .text.TIM_OC6_SetConfig
                0x08005c44       0x70 ./Drivers/STM32G4xx_HAL_Driver/Src/stm32g4xx_hal_tim.o
 .text.HAL_TIM_Base_Start
                0x08005cb4       0x74 ./Drivers/STM32G4xx_HAL_Driver/Src/stm32g4xx_hal_tim.o
                0x08005cb4                HAL_TIM_Base_Start
 .text.HAL_TIM_Base_Start_IT
                0x08005d28       0x7c ./Drivers/STM32G4xx_HAL_Driver/Src/stm32g4xx_hal_tim.o
                0x08005d28                HAL_TIM_Base_Start_IT
 .text.HAL_TIM_Base_Stop_IT
                0x08005da4       0x30 ./Drivers/STM32G4xx_HAL_Driver/Src/stm32g4xx_hal_tim.o
                0x08005da4                HAL_TIM_Base_Stop_IT
 .text.HAL_TIM_OC_DelayElapsedCallback
                0x08005dd4        0x2 ./Drivers/STM32G4xx_HAL_Driver/Src/stm32g4xx_hal_tim.o
                0x08005dd4                HAL_TIM_OC_DelayElapsedCallback
 .text.HAL_TIM_IC_CaptureCallback
                0x08005dd6        0x2 ./Drivers/STM32G4xx_HAL_Driver/Src/stm32g4xx_hal_tim.o
                0x08005dd6                HAL_TIM_IC_CaptureCallback
 .text.HAL_TIM_PWM_PulseFinishedCallback
                0x08005dd8        0x2 ./Drivers/STM32G4xx_HAL_Driver/Src/stm32g4xx_hal_tim.o
                0x08005dd8                HAL_TIM_PWM_PulseFinishedCallback
 .text.HAL_TIM_TriggerCallback
                0x08005dda        0x2 ./Drivers/STM32G4xx_HAL_Driver/Src/stm32g4xx_hal_tim.o
                0x08005dda                HAL_TIM_TriggerCallback
 .text.HAL_TIM_IRQHandler
                0x08005ddc      0x19e ./Drivers/STM32G4xx_HAL_Driver/Src/stm32g4xx_hal_tim.o
                0x08005ddc                HAL_TIM_IRQHandler
 *fill*         0x08005f7a        0x2 
 .text.TIM_Base_SetConfig
                0x08005f7c       0xf0 ./Drivers/STM32G4xx_HAL_Driver/Src/stm32g4xx_hal_tim.o
                0x08005f7c                TIM_Base_SetConfig
 .text.HAL_TIM_Base_Init
                0x0800606c       0x60 ./Drivers/STM32G4xx_HAL_Driver/Src/stm32g4xx_hal_tim.o
                0x0800606c                HAL_TIM_Base_Init
 .text.HAL_TIM_PWM_Init
                0x080060cc       0x60 ./Drivers/STM32G4xx_HAL_Driver/Src/stm32g4xx_hal_tim.o
                0x080060cc                HAL_TIM_PWM_Init
 .text.TIM_OC2_SetConfig
                0x0800612c       0x9c ./Drivers/STM32G4xx_HAL_Driver/Src/stm32g4xx_hal_tim.o
                0x0800612c                TIM_OC2_SetConfig
 .text.HAL_TIM_PWM_ConfigChannel
                0x080061c8       0xf8 ./Drivers/STM32G4xx_HAL_Driver/Src/stm32g4xx_hal_tim.o
                0x080061c8                HAL_TIM_PWM_ConfigChannel
 .text.TIM_ETR_SetConfig
                0x080062c0       0x14 ./Drivers/STM32G4xx_HAL_Driver/Src/stm32g4xx_hal_tim.o
                0x080062c0                TIM_ETR_SetConfig
 .text.HAL_TIM_ConfigClockSource
                0x080062d4      0x194 ./Drivers/STM32G4xx_HAL_Driver/Src/stm32g4xx_hal_tim.o
                0x080062d4                HAL_TIM_ConfigClockSource
 .text.TIM_CCxChannelCmd
                0x08006468       0x1c ./Drivers/STM32G4xx_HAL_Driver/Src/stm32g4xx_hal_tim.o
                0x08006468                TIM_CCxChannelCmd
 .text.HAL_TIM_OC_Start
                0x08006484      0x128 ./Drivers/STM32G4xx_HAL_Driver/Src/stm32g4xx_hal_tim.o
                0x08006484                HAL_TIM_OC_Start
 .text.HAL_TIM_PWM_Start
                0x080065ac        0x4 ./Drivers/STM32G4xx_HAL_Driver/Src/stm32g4xx_hal_tim.o
                0x080065ac                HAL_TIM_PWM_Start
 .text.HAL_TIMEx_MasterConfigSynchronization
                0x080065b0       0xa0 ./Drivers/STM32G4xx_HAL_Driver/Src/stm32g4xx_hal_tim_ex.o
                0x080065b0                HAL_TIMEx_MasterConfigSynchronization
 .text.HAL_TIMEx_ConfigBreakDeadTime
                0x08006650       0x9c ./Drivers/STM32G4xx_HAL_Driver/Src/stm32g4xx_hal_tim_ex.o
                0x08006650                HAL_TIMEx_ConfigBreakDeadTime
 .text.HAL_TIMEx_CommutCallback
                0x080066ec        0x2 ./Drivers/STM32G4xx_HAL_Driver/Src/stm32g4xx_hal_tim_ex.o
                0x080066ec                HAL_TIMEx_CommutCallback
 .text.HAL_TIMEx_BreakCallback
                0x080066ee        0x2 ./Drivers/STM32G4xx_HAL_Driver/Src/stm32g4xx_hal_tim_ex.o
                0x080066ee                HAL_TIMEx_BreakCallback
 .text.HAL_TIMEx_Break2Callback
                0x080066f0        0x2 ./Drivers/STM32G4xx_HAL_Driver/Src/stm32g4xx_hal_tim_ex.o
                0x080066f0                HAL_TIMEx_Break2Callback
 .text.HAL_TIMEx_EncoderIndexCallback
                0x080066f2        0x2 ./Drivers/STM32G4xx_HAL_Driver/Src/stm32g4xx_hal_tim_ex.o
                0x080066f2                HAL_TIMEx_EncoderIndexCallback
 .text.HAL_TIMEx_DirectionChangeCallback
                0x080066f4        0x2 ./Drivers/STM32G4xx_HAL_Driver/Src/stm32g4xx_hal_tim_ex.o
                0x080066f4                HAL_TIMEx_DirectionChangeCallback
 .text.HAL_TIMEx_IndexErrorCallback
                0x080066f6        0x2 ./Drivers/STM32G4xx_HAL_Driver/Src/stm32g4xx_hal_tim_ex.o
                0x080066f6                HAL_TIMEx_IndexErrorCallback
 .text.HAL_TIMEx_TransitionErrorCallback
                0x080066f8        0x2 ./Drivers/STM32G4xx_HAL_Driver/Src/stm32g4xx_hal_tim_ex.o
                0x080066f8                HAL_TIMEx_TransitionErrorCallback
 *fill*         0x080066fa        0x2 
 .text.UART_EndRxTransfer
                0x080066fc       0x58 ./Drivers/STM32G4xx_HAL_Driver/Src/stm32g4xx_hal_uart.o
 .text.UART_SetConfig
                0x08006754      0x280 ./Drivers/STM32G4xx_HAL_Driver/Src/stm32g4xx_hal_uart.o
                0x08006754                UART_SetConfig
 .text.UART_AdvFeatureConfig
                0x080069d4       0xa8 ./Drivers/STM32G4xx_HAL_Driver/Src/stm32g4xx_hal_uart.o
                0x080069d4                UART_AdvFeatureConfig
 .text.UART_WaitOnFlagUntilTimeout
                0x08006a7c       0x90 ./Drivers/STM32G4xx_HAL_Driver/Src/stm32g4xx_hal_uart.o
                0x08006a7c                UART_WaitOnFlagUntilTimeout
 .text.UART_CheckIdleState
                0x08006b0c       0xb6 ./Drivers/STM32G4xx_HAL_Driver/Src/stm32g4xx_hal_uart.o
                0x08006b0c                UART_CheckIdleState
 .text.HAL_UART_Init
                0x08006bc2       0x60 ./Drivers/STM32G4xx_HAL_Driver/Src/stm32g4xx_hal_uart.o
                0x08006bc2                HAL_UART_Init
 *fill*         0x08006c22        0x2 
 .text.UARTEx_SetNbDataToProcess
                0x08006c24       0x44 ./Drivers/STM32G4xx_HAL_Driver/Src/stm32g4xx_hal_uart_ex.o
 .text.HAL_UARTEx_DisableFifoMode
                0x08006c68       0x36 ./Drivers/STM32G4xx_HAL_Driver/Src/stm32g4xx_hal_uart_ex.o
                0x08006c68                HAL_UARTEx_DisableFifoMode
 .text.HAL_UARTEx_SetTxFifoThreshold
                0x08006c9e       0x40 ./Drivers/STM32G4xx_HAL_Driver/Src/stm32g4xx_hal_uart_ex.o
                0x08006c9e                HAL_UARTEx_SetTxFifoThreshold
 .text.HAL_UARTEx_SetRxFifoThreshold
                0x08006cde       0x40 ./Drivers/STM32G4xx_HAL_Driver/Src/stm32g4xx_hal_uart_ex.o
                0x08006cde                HAL_UARTEx_SetRxFifoThreshold
 .text.USB_EnableGlobalInt
                0x08006d1e       0x12 ./Drivers/STM32G4xx_HAL_Driver/Src/stm32g4xx_ll_usb.o
                0x08006d1e                USB_EnableGlobalInt
 .text.USB_DisableGlobalInt
                0x08006d30       0x14 ./Drivers/STM32G4xx_HAL_Driver/Src/stm32g4xx_ll_usb.o
                0x08006d30                USB_DisableGlobalInt
 .text.USB_DevInit
                0x08006d44       0x22 ./Drivers/STM32G4xx_HAL_Driver/Src/stm32g4xx_ll_usb.o
                0x08006d44                USB_DevInit
 *fill*         0x08006d66        0x2 
 .text.USB_ActivateEndpoint
                0x08006d68      0x2c8 ./Drivers/STM32G4xx_HAL_Driver/Src/stm32g4xx_ll_usb.o
                0x08006d68                USB_ActivateEndpoint
 .text.USB_DeactivateEndpoint
                0x08007030      0x1a6 ./Drivers/STM32G4xx_HAL_Driver/Src/stm32g4xx_ll_usb.o
                0x08007030                USB_DeactivateEndpoint
 .text.USB_EPSetStall
                0x080071d6       0x40 ./Drivers/STM32G4xx_HAL_Driver/Src/stm32g4xx_ll_usb.o
                0x080071d6                USB_EPSetStall
 .text.USB_EPClearStall
                0x08007216       0x92 ./Drivers/STM32G4xx_HAL_Driver/Src/stm32g4xx_ll_usb.o
                0x08007216                USB_EPClearStall
 .text.USB_SetDevAddress
                0x080072a8        0xc ./Drivers/STM32G4xx_HAL_Driver/Src/stm32g4xx_ll_usb.o
                0x080072a8                USB_SetDevAddress
 .text.USB_DevConnect
                0x080072b4       0x16 ./Drivers/STM32G4xx_HAL_Driver/Src/stm32g4xx_ll_usb.o
                0x080072b4                USB_DevConnect
 .text.USB_ReadInterrupts
                0x080072ca        0x8 ./Drivers/STM32G4xx_HAL_Driver/Src/stm32g4xx_ll_usb.o
                0x080072ca                USB_ReadInterrupts
 .text.USB_WritePMA
                0x080072d2       0x1e ./Drivers/STM32G4xx_HAL_Driver/Src/stm32g4xx_ll_usb.o
                0x080072d2                USB_WritePMA
 .text.USB_EPStartXfer
                0x080072f0      0x49e ./Drivers/STM32G4xx_HAL_Driver/Src/stm32g4xx_ll_usb.o
                0x080072f0                USB_EPStartXfer
 .text.USB_ReadPMA
                0x0800778e       0x36 ./Drivers/STM32G4xx_HAL_Driver/Src/stm32g4xx_ll_usb.o
                0x0800778e                USB_ReadPMA
 .text.USBD_CDC_EP0_RxReady
                0x080077c4       0x30 ./Middlewares/ST/STM32_USB_Device_Library/Class/CDC/Src/usbd_cdc.o
 .text.USBD_CDC_GetFSCfgDesc
                0x080077f4        0xc ./Middlewares/ST/STM32_USB_Device_Library/Class/CDC/Src/usbd_cdc.o
 .text.USBD_CDC_GetHSCfgDesc
                0x08007800        0xc ./Middlewares/ST/STM32_USB_Device_Library/Class/CDC/Src/usbd_cdc.o
 .text.USBD_CDC_GetOtherSpeedCfgDesc
                0x0800780c        0xc ./Middlewares/ST/STM32_USB_Device_Library/Class/CDC/Src/usbd_cdc.o
 .text.USBD_CDC_GetDeviceQualifierDescriptor
                0x08007818        0xc ./Middlewares/ST/STM32_USB_Device_Library/Class/CDC/Src/usbd_cdc.o
                0x08007818                USBD_CDC_GetDeviceQualifierDescriptor
 .text.USBD_CDC_DataOut
                0x08007824       0x2a ./Middlewares/ST/STM32_USB_Device_Library/Class/CDC/Src/usbd_cdc.o
 .text.USBD_CDC_DataIn
                0x0800784e       0x5a ./Middlewares/ST/STM32_USB_Device_Library/Class/CDC/Src/usbd_cdc.o
 .text.USBD_CDC_Setup
                0x080078a8       0xdc ./Middlewares/ST/STM32_USB_Device_Library/Class/CDC/Src/usbd_cdc.o
 .text.USBD_CDC_DeInit
                0x08007984       0x42 ./Middlewares/ST/STM32_USB_Device_Library/Class/CDC/Src/usbd_cdc.o
 .text.USBD_CDC_Init
                0x080079c6       0x98 ./Middlewares/ST/STM32_USB_Device_Library/Class/CDC/Src/usbd_cdc.o
 .text.USBD_CDC_RegisterInterface
                0x08007a5e        0xe ./Middlewares/ST/STM32_USB_Device_Library/Class/CDC/Src/usbd_cdc.o
                0x08007a5e                USBD_CDC_RegisterInterface
 .text.USBD_CDC_SetTxBuffer
                0x08007a6c       0x16 ./Middlewares/ST/STM32_USB_Device_Library/Class/CDC/Src/usbd_cdc.o
                0x08007a6c                USBD_CDC_SetTxBuffer
 .text.USBD_CDC_SetRxBuffer
                0x08007a82       0x12 ./Middlewares/ST/STM32_USB_Device_Library/Class/CDC/Src/usbd_cdc.o
                0x08007a82                USBD_CDC_SetRxBuffer
 .text.USBD_CDC_TransmitPacket
                0x08007a94       0x30 ./Middlewares/ST/STM32_USB_Device_Library/Class/CDC/Src/usbd_cdc.o
                0x08007a94                USBD_CDC_TransmitPacket
 .text.USBD_CDC_ReceivePacket
                0x08007ac4       0x26 ./Middlewares/ST/STM32_USB_Device_Library/Class/CDC/Src/usbd_cdc.o
                0x08007ac4                USBD_CDC_ReceivePacket
 .text.USBD_Init
                0x08007aea       0x26 ./Middlewares/ST/STM32_USB_Device_Library/Core/Src/usbd_core.o
                0x08007aea                USBD_Init
 .text.USBD_RegisterClass
                0x08007b10       0x2a ./Middlewares/ST/STM32_USB_Device_Library/Core/Src/usbd_core.o
                0x08007b10                USBD_RegisterClass
 .text.USBD_Start
                0x08007b3a        0x4 ./Middlewares/ST/STM32_USB_Device_Library/Core/Src/usbd_core.o
                0x08007b3a                USBD_Start
 .text.USBD_SetClassConfig
                0x08007b3e        0xe ./Middlewares/ST/STM32_USB_Device_Library/Core/Src/usbd_core.o
                0x08007b3e                USBD_SetClassConfig
 .text.USBD_ClrClassConfig
                0x08007b4c       0x10 ./Middlewares/ST/STM32_USB_Device_Library/Core/Src/usbd_core.o
                0x08007b4c                USBD_ClrClassConfig
 .text.USBD_LL_SetupStage
                0x08007b5c       0x60 ./Middlewares/ST/STM32_USB_Device_Library/Core/Src/usbd_core.o
                0x08007b5c                USBD_LL_SetupStage
 .text.USBD_LL_DataOutStage
                0x08007bbc       0x60 ./Middlewares/ST/STM32_USB_Device_Library/Core/Src/usbd_core.o
                0x08007bbc                USBD_LL_DataOutStage
 .text.USBD_LL_DataInStage
                0x08007c1c       0x9a ./Middlewares/ST/STM32_USB_Device_Library/Core/Src/usbd_core.o
                0x08007c1c                USBD_LL_DataInStage
 .text.USBD_LL_Reset
                0x08007cb6       0x58 ./Middlewares/ST/STM32_USB_Device_Library/Core/Src/usbd_core.o
                0x08007cb6                USBD_LL_Reset
 .text.USBD_LL_SetSpeed
                0x08007d0e        0x6 ./Middlewares/ST/STM32_USB_Device_Library/Core/Src/usbd_core.o
                0x08007d0e                USBD_LL_SetSpeed
 .text.USBD_LL_Suspend
                0x08007d14       0x14 ./Middlewares/ST/STM32_USB_Device_Library/Core/Src/usbd_core.o
                0x08007d14                USBD_LL_Suspend
 .text.USBD_LL_Resume
                0x08007d28       0x16 ./Middlewares/ST/STM32_USB_Device_Library/Core/Src/usbd_core.o
                0x08007d28                USBD_LL_Resume
 .text.USBD_LL_SOF
                0x08007d3e       0x20 ./Middlewares/ST/STM32_USB_Device_Library/Core/Src/usbd_core.o
                0x08007d3e                USBD_LL_SOF
 .text.USBD_CtlError.constprop.0
                0x08007d5e       0x16 ./Middlewares/ST/STM32_USB_Device_Library/Core/Src/usbd_ctlreq.o
 .text.USBD_StdDevReq
                0x08007d74      0x280 ./Middlewares/ST/STM32_USB_Device_Library/Core/Src/usbd_ctlreq.o
                0x08007d74                USBD_StdDevReq
 .text.USBD_StdItfReq
                0x08007ff4       0x48 ./Middlewares/ST/STM32_USB_Device_Library/Core/Src/usbd_ctlreq.o
                0x08007ff4                USBD_StdItfReq
 .text.USBD_StdEPReq
                0x0800803c      0x11e ./Middlewares/ST/STM32_USB_Device_Library/Core/Src/usbd_ctlreq.o
                0x0800803c                USBD_StdEPReq
 .text.USBD_ParseSetupRequest
                0x0800815a       0x16 ./Middlewares/ST/STM32_USB_Device_Library/Core/Src/usbd_ctlreq.o
                0x0800815a                USBD_ParseSetupRequest
 .text.USBD_CtlError
                0x08008170       0x16 ./Middlewares/ST/STM32_USB_Device_Library/Core/Src/usbd_ctlreq.o
                0x08008170                USBD_CtlError
 .text.USBD_GetString
                0x08008186       0x38 ./Middlewares/ST/STM32_USB_Device_Library/Core/Src/usbd_ctlreq.o
                0x08008186                USBD_GetString
 .text.USBD_CtlSendData
                0x080081be       0x1a ./Middlewares/ST/STM32_USB_Device_Library/Core/Src/usbd_ioreq.o
                0x080081be                USBD_CtlSendData
 .text.USBD_CtlContinueSendData
                0x080081d8       0x10 ./Middlewares/ST/STM32_USB_Device_Library/Core/Src/usbd_ioreq.o
                0x080081d8                USBD_CtlContinueSendData
 .text.USBD_CtlPrepareRx
                0x080081e8       0x1a ./Middlewares/ST/STM32_USB_Device_Library/Core/Src/usbd_ioreq.o
                0x080081e8                USBD_CtlPrepareRx
 .text.USBD_CtlContinueRx
                0x08008202       0x10 ./Middlewares/ST/STM32_USB_Device_Library/Core/Src/usbd_ioreq.o
                0x08008202                USBD_CtlContinueRx
 .text.USBD_CtlSendStatus
                0x08008212       0x16 ./Middlewares/ST/STM32_USB_Device_Library/Core/Src/usbd_ioreq.o
                0x08008212                USBD_CtlSendStatus
 .text.USBD_CtlReceiveStatus
                0x08008228       0x16 ./Middlewares/ST/STM32_USB_Device_Library/Core/Src/usbd_ioreq.o
                0x08008228                USBD_CtlReceiveStatus
 *fill*         0x0800823e        0x2 
 .text.MX_USB_Device_Init
                0x08008240       0x50 ./USB_Device/App/usb_device.o
                0x08008240                MX_USB_Device_Init
 .text.CDC_DeInit_FS
                0x08008290        0x4 ./USB_Device/App/usbd_cdc_if.o
 .text.CDC_Control_FS
                0x08008294        0x4 ./USB_Device/App/usbd_cdc_if.o
 .text.CDC_TransmitCplt_FS
                0x08008298        0x4 ./USB_Device/App/usbd_cdc_if.o
 .text.CDC_Receive_FS
                0x0800829c       0x1c ./USB_Device/App/usbd_cdc_if.o
 .text.CDC_Init_FS
                0x080082b8       0x28 ./USB_Device/App/usbd_cdc_if.o
 .text.CDC_Transmit_FS
                0x080082e0       0x2c ./USB_Device/App/usbd_cdc_if.o
                0x080082e0                CDC_Transmit_FS
 .text.USBD_CDC_DeviceDescriptor
                0x0800830c        0xc ./USB_Device/App/usbd_desc.o
                0x0800830c                USBD_CDC_DeviceDescriptor
 .text.USBD_CDC_LangIDStrDescriptor
                0x08008318        0xc ./USB_Device/App/usbd_desc.o
                0x08008318                USBD_CDC_LangIDStrDescriptor
 .text.IntToUnicode
                0x08008324       0x2a ./USB_Device/App/usbd_desc.o
 *fill*         0x0800834e        0x2 
 .text.USBD_CDC_SerialStrDescriptor
                0x08008350       0x3c ./USB_Device/App/usbd_desc.o
                0x08008350                USBD_CDC_SerialStrDescriptor
 .text.USBD_CDC_ManufacturerStrDescriptor
                0x0800838c       0x1c ./USB_Device/App/usbd_desc.o
                0x0800838c                USBD_CDC_ManufacturerStrDescriptor
 .text.USBD_CDC_ProductStrDescriptor
                0x080083a8       0x1c ./USB_Device/App/usbd_desc.o
                0x080083a8                USBD_CDC_ProductStrDescriptor
 .text.USBD_CDC_ConfigStrDescriptor
                0x080083c4       0x1c ./USB_Device/App/usbd_desc.o
                0x080083c4                USBD_CDC_ConfigStrDescriptor
 .text.USBD_CDC_InterfaceStrDescriptor
                0x080083e0       0x1c ./USB_Device/App/usbd_desc.o
                0x080083e0                USBD_CDC_InterfaceStrDescriptor
 .text.USBD_Get_USB_Status
                0x080083fc        0xc ./USB_Device/Target/usbd_conf.o
 .text.HAL_PCD_MspInit
                0x08008408       0x5c ./USB_Device/Target/usbd_conf.o
                0x08008408                HAL_PCD_MspInit
 .text.HAL_PCD_SetupStageCallback
                0x08008464        0xc ./USB_Device/Target/usbd_conf.o
                0x08008464                HAL_PCD_SetupStageCallback
 .text.HAL_PCD_DataOutStageCallback
                0x08008470       0x12 ./USB_Device/Target/usbd_conf.o
                0x08008470                HAL_PCD_DataOutStageCallback
 .text.HAL_PCD_DataInStageCallback
                0x08008482       0x10 ./USB_Device/Target/usbd_conf.o
                0x08008482                HAL_PCD_DataInStageCallback
 .text.HAL_PCD_SOFCallback
                0x08008492        0x8 ./USB_Device/Target/usbd_conf.o
                0x08008492                HAL_PCD_SOFCallback
 .text.HAL_PCD_ResetCallback
                0x0800849a       0x24 ./USB_Device/Target/usbd_conf.o
                0x0800849a                HAL_PCD_ResetCallback
 *fill*         0x080084be        0x2 
 .text.HAL_PCD_SuspendCallback
                0x080084c0       0x20 ./USB_Device/Target/usbd_conf.o
                0x080084c0                HAL_PCD_SuspendCallback
 .text.HAL_PCD_ResumeCallback
                0x080084e0       0x28 ./USB_Device/Target/usbd_conf.o
                0x080084e0                HAL_PCD_ResumeCallback
 .text.USBD_LL_Init
                0x08008508       0x80 ./USB_Device/Target/usbd_conf.o
                0x08008508                USBD_LL_Init
 .text.USBD_LL_Start
                0x08008588       0x12 ./USB_Device/Target/usbd_conf.o
                0x08008588                USBD_LL_Start
 .text.USBD_LL_OpenEP
                0x0800859a       0x18 ./USB_Device/Target/usbd_conf.o
                0x0800859a                USBD_LL_OpenEP
 .text.USBD_LL_CloseEP
                0x080085b2       0x12 ./USB_Device/Target/usbd_conf.o
                0x080085b2                USBD_LL_CloseEP
 .text.USBD_LL_StallEP
                0x080085c4       0x12 ./USB_Device/Target/usbd_conf.o
                0x080085c4                USBD_LL_StallEP
 .text.USBD_LL_ClearStallEP
                0x080085d6       0x12 ./USB_Device/Target/usbd_conf.o
                0x080085d6                USBD_LL_ClearStallEP
 .text.USBD_LL_IsStallEP
                0x080085e8       0x24 ./USB_Device/Target/usbd_conf.o
                0x080085e8                USBD_LL_IsStallEP
 .text.USBD_LL_SetUSBAddress
                0x0800860c       0x12 ./USB_Device/Target/usbd_conf.o
                0x0800860c                USBD_LL_SetUSBAddress
 .text.USBD_LL_Transmit
                0x0800861e       0x12 ./USB_Device/Target/usbd_conf.o
                0x0800861e                USBD_LL_Transmit
 .text.USBD_LL_PrepareReceive
                0x08008630       0x12 ./USB_Device/Target/usbd_conf.o
                0x08008630                USBD_LL_PrepareReceive
 .text.USBD_LL_GetRxDataSize
                0x08008642        0x8 ./USB_Device/Target/usbd_conf.o
                0x08008642                USBD_LL_GetRxDataSize
 *fill*         0x0800864a        0x2 
 .text.HAL_PCDEx_LPM_Callback
                0x0800864c       0x48 ./USB_Device/Target/usbd_conf.o
                0x0800864c                HAL_PCDEx_LPM_Callback
 .text.USBD_static_malloc
                0x08008694        0x8 ./USB_Device/Target/usbd_conf.o
                0x08008694                USBD_static_malloc
 .text.USBD_static_free
                0x0800869c        0x2 ./USB_Device/Target/usbd_conf.o
                0x0800869c                USBD_static_free
 *fill*         0x0800869e        0x2 
 .text.sprintf  0x080086a0       0x40 C:/ST/STM32CubeIDE_1.16.0/STM32CubeIDE/plugins/com.st.stm32cube.ide.mcu.externaltools.gnu-tools-for-stm32.12.3.rel1.win32_1.0.200.202406191623/tools/bin/../lib/gcc/arm-none-eabi/12.3.1/../../../../arm-none-eabi/lib/thumb/v7e-m+fp/hard\libc_nano.a(libc_a-sprintf.o)
                0x080086a0                siprintf
                0x080086a0                sprintf
 .text.sscanf   0x080086e0       0x54 C:/ST/STM32CubeIDE_1.16.0/STM32CubeIDE/plugins/com.st.stm32cube.ide.mcu.externaltools.gnu-tools-for-stm32.12.3.rel1.win32_1.0.200.202406191623/tools/bin/../lib/gcc/arm-none-eabi/12.3.1/../../../../arm-none-eabi/lib/thumb/v7e-m+fp/hard\libc_nano.a(libc_a-sscanf.o)
                0x080086e0                siscanf
                0x080086e0                sscanf
 .text.__seofread
                0x08008734        0x4 C:/ST/STM32CubeIDE_1.16.0/STM32CubeIDE/plugins/com.st.stm32cube.ide.mcu.externaltools.gnu-tools-for-stm32.12.3.rel1.win32_1.0.200.202406191623/tools/bin/../lib/gcc/arm-none-eabi/12.3.1/../../../../arm-none-eabi/lib/thumb/v7e-m+fp/hard\libc_nano.a(libc_a-stdio.o)
                0x08008734                __seofread
 .text.memset   0x08008738       0x10 C:/ST/STM32CubeIDE_1.16.0/STM32CubeIDE/plugins/com.st.stm32cube.ide.mcu.externaltools.gnu-tools-for-stm32.12.3.rel1.win32_1.0.200.202406191623/tools/bin/../lib/gcc/arm-none-eabi/12.3.1/../../../../arm-none-eabi/lib/thumb/v7e-m+fp/hard\libc_nano.a(libc_a-memset.o)
                0x08008738                memset
 .text.strncmp  0x08008748       0x24 C:/ST/STM32CubeIDE_1.16.0/STM32CubeIDE/plugins/com.st.stm32cube.ide.mcu.externaltools.gnu-tools-for-stm32.12.3.rel1.win32_1.0.200.202406191623/tools/bin/../lib/gcc/arm-none-eabi/12.3.1/../../../../arm-none-eabi/lib/thumb/v7e-m+fp/hard\libc_nano.a(libc_a-strncmp.o)
                0x08008748                strncmp
 .text.__errno  0x0800876c        0xc C:/ST/STM32CubeIDE_1.16.0/STM32CubeIDE/plugins/com.st.stm32cube.ide.mcu.externaltools.gnu-tools-for-stm32.12.3.rel1.win32_1.0.200.202406191623/tools/bin/../lib/gcc/arm-none-eabi/12.3.1/../../../../arm-none-eabi/lib/thumb/v7e-m+fp/hard\libc_nano.a(libc_a-errno.o)
                0x0800876c                __errno
 .text.__libc_init_array
                0x08008778       0x48 C:/ST/STM32CubeIDE_1.16.0/STM32CubeIDE/plugins/com.st.stm32cube.ide.mcu.externaltools.gnu-tools-for-stm32.12.3.rel1.win32_1.0.200.202406191623/tools/bin/../lib/gcc/arm-none-eabi/12.3.1/../../../../arm-none-eabi/lib/thumb/v7e-m+fp/hard\libc_nano.a(libc_a-init.o)
                0x08008778                __libc_init_array
 .text.__retarget_lock_acquire_recursive
                0x080087c0        0x2 C:/ST/STM32CubeIDE_1.16.0/STM32CubeIDE/plugins/com.st.stm32cube.ide.mcu.externaltools.gnu-tools-for-stm32.12.3.rel1.win32_1.0.200.202406191623/tools/bin/../lib/gcc/arm-none-eabi/12.3.1/../../../../arm-none-eabi/lib/thumb/v7e-m+fp/hard\libc_nano.a(libc_a-lock.o)
                0x080087c0                __retarget_lock_acquire_recursive
 .text.__retarget_lock_release_recursive
                0x080087c2        0x2 C:/ST/STM32CubeIDE_1.16.0/STM32CubeIDE/plugins/com.st.stm32cube.ide.mcu.externaltools.gnu-tools-for-stm32.12.3.rel1.win32_1.0.200.202406191623/tools/bin/../lib/gcc/arm-none-eabi/12.3.1/../../../../arm-none-eabi/lib/thumb/v7e-m+fp/hard\libc_nano.a(libc_a-lock.o)
                0x080087c2                __retarget_lock_release_recursive
 .text.memcpy   0x080087c4       0x1c C:/ST/STM32CubeIDE_1.16.0/STM32CubeIDE/plugins/com.st.stm32cube.ide.mcu.externaltools.gnu-tools-for-stm32.12.3.rel1.win32_1.0.200.202406191623/tools/bin/../lib/gcc/arm-none-eabi/12.3.1/../../../../arm-none-eabi/lib/thumb/v7e-m+fp/hard\libc_nano.a(libc_a-memcpy-stub.o)
                0x080087c4                memcpy
 .text._free_r  0x080087e0       0x94 C:/ST/STM32CubeIDE_1.16.0/STM32CubeIDE/plugins/com.st.stm32cube.ide.mcu.externaltools.gnu-tools-for-stm32.12.3.rel1.win32_1.0.200.202406191623/tools/bin/../lib/gcc/arm-none-eabi/12.3.1/../../../../arm-none-eabi/lib/thumb/v7e-m+fp/hard\libc_nano.a(libc_a-freer.o)
                0x080087e0                _free_r
 .text.sbrk_aligned
                0x08008874       0x44 C:/ST/STM32CubeIDE_1.16.0/STM32CubeIDE/plugins/com.st.stm32cube.ide.mcu.externaltools.gnu-tools-for-stm32.12.3.rel1.win32_1.0.200.202406191623/tools/bin/../lib/gcc/arm-none-eabi/12.3.1/../../../../arm-none-eabi/lib/thumb/v7e-m+fp/hard\libc_nano.a(libc_a-mallocr.o)
 .text._malloc_r
                0x080088b8      0x100 C:/ST/STM32CubeIDE_1.16.0/STM32CubeIDE/plugins/com.st.stm32cube.ide.mcu.externaltools.gnu-tools-for-stm32.12.3.rel1.win32_1.0.200.202406191623/tools/bin/../lib/gcc/arm-none-eabi/12.3.1/../../../../arm-none-eabi/lib/thumb/v7e-m+fp/hard\libc_nano.a(libc_a-mallocr.o)
                0x080088b8                _malloc_r
 .text.__malloc_lock
                0x080089b8        0xc C:/ST/STM32CubeIDE_1.16.0/STM32CubeIDE/plugins/com.st.stm32cube.ide.mcu.externaltools.gnu-tools-for-stm32.12.3.rel1.win32_1.0.200.202406191623/tools/bin/../lib/gcc/arm-none-eabi/12.3.1/../../../../arm-none-eabi/lib/thumb/v7e-m+fp/hard\libc_nano.a(libc_a-mlock.o)
                0x080089b8                __malloc_lock
 .text.__malloc_unlock
                0x080089c4        0xc C:/ST/STM32CubeIDE_1.16.0/STM32CubeIDE/plugins/com.st.stm32cube.ide.mcu.externaltools.gnu-tools-for-stm32.12.3.rel1.win32_1.0.200.202406191623/tools/bin/../lib/gcc/arm-none-eabi/12.3.1/../../../../arm-none-eabi/lib/thumb/v7e-m+fp/hard\libc_nano.a(libc_a-mlock.o)
                0x080089c4                __malloc_unlock
 .text.__ssputs_r
                0x080089d0       0xb6 C:/ST/STM32CubeIDE_1.16.0/STM32CubeIDE/plugins/com.st.stm32cube.ide.mcu.externaltools.gnu-tools-for-stm32.12.3.rel1.win32_1.0.200.202406191623/tools/bin/../lib/gcc/arm-none-eabi/12.3.1/../../../../arm-none-eabi/lib/thumb/v7e-m+fp/hard\libc_nano.a(libc_a-nano-svfprintf.o)
                0x080089d0                __ssputs_r
 *fill*         0x08008a86        0x2 
 .text._svfprintf_r
                0x08008a88      0x1f8 C:/ST/STM32CubeIDE_1.16.0/STM32CubeIDE/plugins/com.st.stm32cube.ide.mcu.externaltools.gnu-tools-for-stm32.12.3.rel1.win32_1.0.200.202406191623/tools/bin/../lib/gcc/arm-none-eabi/12.3.1/../../../../arm-none-eabi/lib/thumb/v7e-m+fp/hard\libc_nano.a(libc_a-nano-svfprintf.o)
                0x08008a88                _svfiprintf_r
                0x08008a88                _svfprintf_r
 .text._sungetc_r
                0x08008c80       0x76 C:/ST/STM32CubeIDE_1.16.0/STM32CubeIDE/plugins/com.st.stm32cube.ide.mcu.externaltools.gnu-tools-for-stm32.12.3.rel1.win32_1.0.200.202406191623/tools/bin/../lib/gcc/arm-none-eabi/12.3.1/../../../../arm-none-eabi/lib/thumb/v7e-m+fp/hard\libc_nano.a(libc_a-nano-svfscanf.o)
                0x08008c80                _sungetc_r
 .text.__ssrefill_r
                0x08008cf6       0x3a C:/ST/STM32CubeIDE_1.16.0/STM32CubeIDE/plugins/com.st.stm32cube.ide.mcu.externaltools.gnu-tools-for-stm32.12.3.rel1.win32_1.0.200.202406191623/tools/bin/../lib/gcc/arm-none-eabi/12.3.1/../../../../arm-none-eabi/lib/thumb/v7e-m+fp/hard\libc_nano.a(libc_a-nano-svfscanf.o)
                0x08008cf6                __ssrefill_r
 .text.__ssvfscanf_r
                0x08008d30      0x2e8 C:/ST/STM32CubeIDE_1.16.0/STM32CubeIDE/plugins/com.st.stm32cube.ide.mcu.externaltools.gnu-tools-for-stm32.12.3.rel1.win32_1.0.200.202406191623/tools/bin/../lib/gcc/arm-none-eabi/12.3.1/../../../../arm-none-eabi/lib/thumb/v7e-m+fp/hard\libc_nano.a(libc_a-nano-svfscanf.o)
                0x08008d30                __ssvfiscanf_r
                0x08008d30                __ssvfscanf_r
 .text._printf_common
                0x08009018       0xda C:/ST/STM32CubeIDE_1.16.0/STM32CubeIDE/plugins/com.st.stm32cube.ide.mcu.externaltools.gnu-tools-for-stm32.12.3.rel1.win32_1.0.200.202406191623/tools/bin/../lib/gcc/arm-none-eabi/12.3.1/../../../../arm-none-eabi/lib/thumb/v7e-m+fp/hard\libc_nano.a(libc_a-nano-vfprintf_i.o)
                0x08009018                _printf_common
 *fill*         0x080090f2        0x2 
 .text._printf_i
                0x080090f4      0x240 C:/ST/STM32CubeIDE_1.16.0/STM32CubeIDE/plugins/com.st.stm32cube.ide.mcu.externaltools.gnu-tools-for-stm32.12.3.rel1.win32_1.0.200.202406191623/tools/bin/../lib/gcc/arm-none-eabi/12.3.1/../../../../arm-none-eabi/lib/thumb/v7e-m+fp/hard\libc_nano.a(libc_a-nano-vfprintf_i.o)
                0x080090f4                _printf_i
 .text._scanf_chars
                0x08009334       0xb4 C:/ST/STM32CubeIDE_1.16.0/STM32CubeIDE/plugins/com.st.stm32cube.ide.mcu.externaltools.gnu-tools-for-stm32.12.3.rel1.win32_1.0.200.202406191623/tools/bin/../lib/gcc/arm-none-eabi/12.3.1/../../../../arm-none-eabi/lib/thumb/v7e-m+fp/hard\libc_nano.a(libc_a-nano-vfscanf_i.o)
                0x08009334                _scanf_chars
 .text._scanf_i
                0x080093e8      0x1e8 C:/ST/STM32CubeIDE_1.16.0/STM32CubeIDE/plugins/com.st.stm32cube.ide.mcu.externaltools.gnu-tools-for-stm32.12.3.rel1.win32_1.0.200.202406191623/tools/bin/../lib/gcc/arm-none-eabi/12.3.1/../../../../arm-none-eabi/lib/thumb/v7e-m+fp/hard\libc_nano.a(libc_a-nano-vfscanf_i.o)
                0x080093e8                _scanf_i
 .text.__sccl   0x080095d0       0x72 C:/ST/STM32CubeIDE_1.16.0/STM32CubeIDE/plugins/com.st.stm32cube.ide.mcu.externaltools.gnu-tools-for-stm32.12.3.rel1.win32_1.0.200.202406191623/tools/bin/../lib/gcc/arm-none-eabi/12.3.1/../../../../arm-none-eabi/lib/thumb/v7e-m+fp/hard\libc_nano.a(libc_a-sccl.o)
                0x080095d0                __sccl
 .text.__submore
                0x08009642       0x74 C:/ST/STM32CubeIDE_1.16.0/STM32CubeIDE/plugins/com.st.stm32cube.ide.mcu.externaltools.gnu-tools-for-stm32.12.3.rel1.win32_1.0.200.202406191623/tools/bin/../lib/gcc/arm-none-eabi/12.3.1/../../../../arm-none-eabi/lib/thumb/v7e-m+fp/hard\libc_nano.a(libc_a-ungetc.o)
                0x08009642                __submore
 .text.memmove  0x080096b6       0x34 C:/ST/STM32CubeIDE_1.16.0/STM32CubeIDE/plugins/com.st.stm32cube.ide.mcu.externaltools.gnu-tools-for-stm32.12.3.rel1.win32_1.0.200.202406191623/tools/bin/../lib/gcc/arm-none-eabi/12.3.1/../../../../arm-none-eabi/lib/thumb/v7e-m+fp/hard\libc_nano.a(libc_a-memmove.o)
                0x080096b6                memmove
 *fill*         0x080096ea        0x2 
 .text._sbrk_r  0x080096ec       0x20 C:/ST/STM32CubeIDE_1.16.0/STM32CubeIDE/plugins/com.st.stm32cube.ide.mcu.externaltools.gnu-tools-for-stm32.12.3.rel1.win32_1.0.200.202406191623/tools/bin/../lib/gcc/arm-none-eabi/12.3.1/../../../../arm-none-eabi/lib/thumb/v7e-m+fp/hard\libc_nano.a(libc_a-sbrkr.o)
                0x080096ec                _sbrk_r
 .text._realloc_r
                0x0800970c       0x5c C:/ST/STM32CubeIDE_1.16.0/STM32CubeIDE/plugins/com.st.stm32cube.ide.mcu.externaltools.gnu-tools-for-stm32.12.3.rel1.win32_1.0.200.202406191623/tools/bin/../lib/gcc/arm-none-eabi/12.3.1/../../../../arm-none-eabi/lib/thumb/v7e-m+fp/hard\libc_nano.a(libc_a-reallocr.o)
                0x0800970c                _realloc_r
 .text._strtol_l.constprop.0
                0x08009768       0xf4 C:/ST/STM32CubeIDE_1.16.0/STM32CubeIDE/plugins/com.st.stm32cube.ide.mcu.externaltools.gnu-tools-for-stm32.12.3.rel1.win32_1.0.200.202406191623/tools/bin/../lib/gcc/arm-none-eabi/12.3.1/../../../../arm-none-eabi/lib/thumb/v7e-m+fp/hard\libc_nano.a(libc_a-strtol.o)
 .text._strtol_r
                0x0800985c        0x4 C:/ST/STM32CubeIDE_1.16.0/STM32CubeIDE/plugins/com.st.stm32cube.ide.mcu.externaltools.gnu-tools-for-stm32.12.3.rel1.win32_1.0.200.202406191623/tools/bin/../lib/gcc/arm-none-eabi/12.3.1/../../../../arm-none-eabi/lib/thumb/v7e-m+fp/hard\libc_nano.a(libc_a-strtol.o)
                0x0800985c                _strtol_r
 .text._strtoul_l.constprop.0
                0x08009860       0xdc C:/ST/STM32CubeIDE_1.16.0/STM32CubeIDE/plugins/com.st.stm32cube.ide.mcu.externaltools.gnu-tools-for-stm32.12.3.rel1.win32_1.0.200.202406191623/tools/bin/../lib/gcc/arm-none-eabi/12.3.1/../../../../arm-none-eabi/lib/thumb/v7e-m+fp/hard\libc_nano.a(libc_a-strtoul.o)
 .text._strtoul_r
                0x0800993c        0x4 C:/ST/STM32CubeIDE_1.16.0/STM32CubeIDE/plugins/com.st.stm32cube.ide.mcu.externaltools.gnu-tools-for-stm32.12.3.rel1.win32_1.0.200.202406191623/tools/bin/../lib/gcc/arm-none-eabi/12.3.1/../../../../arm-none-eabi/lib/thumb/v7e-m+fp/hard\libc_nano.a(libc_a-strtoul.o)
                0x0800993c                _strtoul_r
 .text._malloc_usable_size_r
                0x08009940       0x10 C:/ST/STM32CubeIDE_1.16.0/STM32CubeIDE/plugins/com.st.stm32cube.ide.mcu.externaltools.gnu-tools-for-stm32.12.3.rel1.win32_1.0.200.202406191623/tools/bin/../lib/gcc/arm-none-eabi/12.3.1/../../../../arm-none-eabi/lib/thumb/v7e-m+fp/hard\libc_nano.a(libc_a-msizer.o)
                0x08009940                _malloc_usable_size_r
 .text.acos     0x08009950       0x68 C:/ST/STM32CubeIDE_1.16.0/STM32CubeIDE/plugins/com.st.stm32cube.ide.mcu.externaltools.gnu-tools-for-stm32.12.3.rel1.win32_1.0.200.202406191623/tools/bin/../lib/gcc/arm-none-eabi/12.3.1/../../../../arm-none-eabi/lib/thumb/v7e-m+fp/hard\libm.a(libm_a-w_acos.o)
                0x08009950                acos
 .text.pow      0x080099b8       0xe0 C:/ST/STM32CubeIDE_1.16.0/STM32CubeIDE/plugins/com.st.stm32cube.ide.mcu.externaltools.gnu-tools-for-stm32.12.3.rel1.win32_1.0.200.202406191623/tools/bin/../lib/gcc/arm-none-eabi/12.3.1/../../../../arm-none-eabi/lib/thumb/v7e-m+fp/hard\libm.a(libm_a-w_pow.o)
                0x080099b8                pow
 .text.sqrt     0x08009a98       0x58 C:/ST/STM32CubeIDE_1.16.0/STM32CubeIDE/plugins/com.st.stm32cube.ide.mcu.externaltools.gnu-tools-for-stm32.12.3.rel1.win32_1.0.200.202406191623/tools/bin/../lib/gcc/arm-none-eabi/12.3.1/../../../../arm-none-eabi/lib/thumb/v7e-m+fp/hard\libm.a(libm_a-w_sqrt.o)
                0x08009a98                sqrt
 .text.fabs     0x08009af0       0x10 C:/ST/STM32CubeIDE_1.16.0/STM32CubeIDE/plugins/com.st.stm32cube.ide.mcu.externaltools.gnu-tools-for-stm32.12.3.rel1.win32_1.0.200.202406191623/tools/bin/../lib/gcc/arm-none-eabi/12.3.1/../../../../arm-none-eabi/lib/thumb/v7e-m+fp/hard\libm.a(libm_a-s_fabs.o)
                0x08009af0                fabs
 .text.finite   0x08009b00       0x16 C:/ST/STM32CubeIDE_1.16.0/STM32CubeIDE/plugins/com.st.stm32cube.ide.mcu.externaltools.gnu-tools-for-stm32.12.3.rel1.win32_1.0.200.202406191623/tools/bin/../lib/gcc/arm-none-eabi/12.3.1/../../../../arm-none-eabi/lib/thumb/v7e-m+fp/hard\libm.a(libm_a-s_finite.o)
                0x08009b00                finite
 *fill*         0x08009b16        0x2 
 .text.nan      0x08009b18       0x10 C:/ST/STM32CubeIDE_1.16.0/STM32CubeIDE/plugins/com.st.stm32cube.ide.mcu.externaltools.gnu-tools-for-stm32.12.3.rel1.win32_1.0.200.202406191623/tools/bin/../lib/gcc/arm-none-eabi/12.3.1/../../../../arm-none-eabi/lib/thumb/v7e-m+fp/hard\libm.a(libm_a-s_nan.o)
                0x08009b18                nan
 .text.__ieee754_sqrt
                0x08009b28      0x1b4 C:/ST/STM32CubeIDE_1.16.0/STM32CubeIDE/plugins/com.st.stm32cube.ide.mcu.externaltools.gnu-tools-for-stm32.12.3.rel1.win32_1.0.200.202406191623/tools/bin/../lib/gcc/arm-none-eabi/12.3.1/../../../../arm-none-eabi/lib/thumb/v7e-m+fp/hard\libm.a(libm_a-e_sqrt.o)
                0x08009b28                __ieee754_sqrt
 *fill*         0x08009cdc        0x4 
 .text.__ieee754_acos
                0x08009ce0      0x4b8 C:/ST/STM32CubeIDE_1.16.0/STM32CubeIDE/plugins/com.st.stm32cube.ide.mcu.externaltools.gnu-tools-for-stm32.12.3.rel1.win32_1.0.200.202406191623/tools/bin/../lib/gcc/arm-none-eabi/12.3.1/../../../../arm-none-eabi/lib/thumb/v7e-m+fp/hard\libm.a(libm_a-e_acos.o)
                0x08009ce0                __ieee754_acos
 .text.__ieee754_pow
                0x0800a198      0xa88 C:/ST/STM32CubeIDE_1.16.0/STM32CubeIDE/plugins/com.st.stm32cube.ide.mcu.externaltools.gnu-tools-for-stm32.12.3.rel1.win32_1.0.200.202406191623/tools/bin/../lib/gcc/arm-none-eabi/12.3.1/../../../../arm-none-eabi/lib/thumb/v7e-m+fp/hard\libm.a(libm_a-e_pow.o)
                0x0800a198                __ieee754_pow
 .text.scalbn   0x0800ac20       0xfc C:/ST/STM32CubeIDE_1.16.0/STM32CubeIDE/plugins/com.st.stm32cube.ide.mcu.externaltools.gnu-tools-for-stm32.12.3.rel1.win32_1.0.200.202406191623/tools/bin/../lib/gcc/arm-none-eabi/12.3.1/../../../../arm-none-eabi/lib/thumb/v7e-m+fp/hard\libm.a(libm_a-s_scalbn.o)
                0x0800ac20                scalbn
 .text.with_errno
                0x0800ad1c       0x24 C:/ST/STM32CubeIDE_1.16.0/STM32CubeIDE/plugins/com.st.stm32cube.ide.mcu.externaltools.gnu-tools-for-stm32.12.3.rel1.win32_1.0.200.202406191623/tools/bin/../lib/gcc/arm-none-eabi/12.3.1/../../../../arm-none-eabi/lib/thumb/v7e-m+fp/hard\libm.a(libm_a-math_err.o)
 .text.xflow    0x0800ad40       0x32 C:/ST/STM32CubeIDE_1.16.0/STM32CubeIDE/plugins/com.st.stm32cube.ide.mcu.externaltools.gnu-tools-for-stm32.12.3.rel1.win32_1.0.200.202406191623/tools/bin/../lib/gcc/arm-none-eabi/12.3.1/../../../../arm-none-eabi/lib/thumb/v7e-m+fp/hard\libm.a(libm_a-math_err.o)
 *fill*         0x0800ad72        0x6 
 .text.__math_uflow
                0x0800ad78       0x10 C:/ST/STM32CubeIDE_1.16.0/STM32CubeIDE/plugins/com.st.stm32cube.ide.mcu.externaltools.gnu-tools-for-stm32.12.3.rel1.win32_1.0.200.202406191623/tools/bin/../lib/gcc/arm-none-eabi/12.3.1/../../../../arm-none-eabi/lib/thumb/v7e-m+fp/hard\libm.a(libm_a-math_err.o)
                0x0800ad78                __math_uflow
 .text.__math_oflow
                0x0800ad88       0x10 C:/ST/STM32CubeIDE_1.16.0/STM32CubeIDE/plugins/com.st.stm32cube.ide.mcu.externaltools.gnu-tools-for-stm32.12.3.rel1.win32_1.0.200.202406191623/tools/bin/../lib/gcc/arm-none-eabi/12.3.1/../../../../arm-none-eabi/lib/thumb/v7e-m+fp/hard\libm.a(libm_a-math_err.o)
                0x0800ad88                __math_oflow
 *(.glue_7)
 .glue_7        0x0800ad98        0x0 linker stubs
 *(.glue_7t)
 .glue_7t       0x0800ad98        0x0 linker stubs
 *(.eh_frame)
 .eh_frame      0x0800ad98        0x0 C:/ST/STM32CubeIDE_1.16.0/STM32CubeIDE/plugins/com.st.stm32cube.ide.mcu.externaltools.gnu-tools-for-stm32.12.3.rel1.win32_1.0.200.202406191623/tools/bin/../lib/gcc/arm-none-eabi/12.3.1/thumb/v7e-m+fp/hard/crtbegin.o
 *(.init)
 .init          0x0800ad98        0x4 C:/ST/STM32CubeIDE_1.16.0/STM32CubeIDE/plugins/com.st.stm32cube.ide.mcu.externaltools.gnu-tools-for-stm32.12.3.rel1.win32_1.0.200.202406191623/tools/bin/../lib/gcc/arm-none-eabi/12.3.1/thumb/v7e-m+fp/hard/crti.o
                0x0800ad98                _init
 .init          0x0800ad9c        0x8 C:/ST/STM32CubeIDE_1.16.0/STM32CubeIDE/plugins/com.st.stm32cube.ide.mcu.externaltools.gnu-tools-for-stm32.12.3.rel1.win32_1.0.200.202406191623/tools/bin/../lib/gcc/arm-none-eabi/12.3.1/thumb/v7e-m+fp/hard/crtn.o
 *(.fini)
 .fini          0x0800ada4        0x4 C:/ST/STM32CubeIDE_1.16.0/STM32CubeIDE/plugins/com.st.stm32cube.ide.mcu.externaltools.gnu-tools-for-stm32.12.3.rel1.win32_1.0.200.202406191623/tools/bin/../lib/gcc/arm-none-eabi/12.3.1/thumb/v7e-m+fp/hard/crti.o
                0x0800ada4                _fini
 .fini          0x0800ada8        0x8 C:/ST/STM32CubeIDE_1.16.0/STM32CubeIDE/plugins/com.st.stm32cube.ide.mcu.externaltools.gnu-tools-for-stm32.12.3.rel1.win32_1.0.200.202406191623/tools/bin/../lib/gcc/arm-none-eabi/12.3.1/thumb/v7e-m+fp/hard/crtn.o
                0x0800adb0                        . = ALIGN (0x4)
                0x0800adb0                        _etext = .

.vfp11_veneer   0x0800adb0        0x0
 .vfp11_veneer  0x0800adb0        0x0 linker stubs

.v4_bx          0x0800adb0        0x0
 .v4_bx         0x0800adb0        0x0 linker stubs

.iplt           0x0800adb0        0x0
 .iplt          0x0800adb0        0x0 C:/ST/STM32CubeIDE_1.16.0/STM32CubeIDE/plugins/com.st.stm32cube.ide.mcu.externaltools.gnu-tools-for-stm32.12.3.rel1.win32_1.0.200.202406191623/tools/bin/../lib/gcc/arm-none-eabi/12.3.1/thumb/v7e-m+fp/hard/crtbegin.o

.rodata         0x0800adb0      0x4e0
                0x0800adb0                        . = ALIGN (0x4)
 *(.rodata)
 .rodata        0x0800adb0        0xc C:/ST/STM32CubeIDE_1.16.0/STM32CubeIDE/plugins/com.st.stm32cube.ide.mcu.externaltools.gnu-tools-for-stm32.12.3.rel1.win32_1.0.200.202406191623/tools/bin/../lib/gcc/arm-none-eabi/12.3.1/../../../../arm-none-eabi/lib/thumb/v7e-m+fp/hard\libc_nano.a(libc_a-nano-vfscanf_i.o)
 *(.rodata*)
 .rodata.DisplayAllVariables.str1.1
                0x0800adbc       0xf2 ./Core/Src/main.o
 .rodata.ParseUSBCommand.str1.1
                0x0800aeae      0x1da ./Core/Src/main.o
 .rodata.APBPrescTable
                0x0800b088        0x8 ./Core/Src/system_stm32g4xx.o
                0x0800b088                APBPrescTable
 .rodata.AHBPrescTable
                0x0800b090       0x10 ./Core/Src/system_stm32g4xx.o
                0x0800b090                AHBPrescTable
 .rodata.UARTPrescTable
                0x0800b0a0       0x18 ./Drivers/STM32G4xx_HAL_Driver/Src/stm32g4xx_hal_uart.o
                0x0800b0a0                UARTPrescTable
 .rodata.denominator.0
                0x0800b0b8        0x8 ./Drivers/STM32G4xx_HAL_Driver/Src/stm32g4xx_hal_uart_ex.o
 .rodata.numerator.1
                0x0800b0c0        0x8 ./Drivers/STM32G4xx_HAL_Driver/Src/stm32g4xx_hal_uart_ex.o
 .rodata.USBD_CDC_ManufacturerStrDescriptor.str1.1
                0x0800b0c8       0x13 ./USB_Device/App/usbd_desc.o
 .rodata.USBD_CDC_ProductStrDescriptor.str1.1
                0x0800b0db       0x16 ./USB_Device/App/usbd_desc.o
 .rodata.USBD_CDC_ConfigStrDescriptor.str1.1
                0x0800b0f1        0xb ./USB_Device/App/usbd_desc.o
 .rodata.USBD_CDC_InterfaceStrDescriptor.str1.1
                0x0800b0fc        0xe ./USB_Device/App/usbd_desc.o
 .rodata._svfprintf_r.str1.1
                0x0800b10a       0x11 C:/ST/STM32CubeIDE_1.16.0/STM32CubeIDE/plugins/com.st.stm32cube.ide.mcu.externaltools.gnu-tools-for-stm32.12.3.rel1.win32_1.0.200.202406191623/tools/bin/../lib/gcc/arm-none-eabi/12.3.1/../../../../arm-none-eabi/lib/thumb/v7e-m+fp/hard\libc_nano.a(libc_a-nano-svfprintf.o)
 .rodata.__ssvfscanf_r.str1.1
                0x0800b11b        0x4 C:/ST/STM32CubeIDE_1.16.0/STM32CubeIDE/plugins/com.st.stm32cube.ide.mcu.externaltools.gnu-tools-for-stm32.12.3.rel1.win32_1.0.200.202406191623/tools/bin/../lib/gcc/arm-none-eabi/12.3.1/../../../../arm-none-eabi/lib/thumb/v7e-m+fp/hard\libc_nano.a(libc_a-nano-svfscanf.o)
 .rodata._printf_i.str1.1
                0x0800b11b       0x22 C:/ST/STM32CubeIDE_1.16.0/STM32CubeIDE/plugins/com.st.stm32cube.ide.mcu.externaltools.gnu-tools-for-stm32.12.3.rel1.win32_1.0.200.202406191623/tools/bin/../lib/gcc/arm-none-eabi/12.3.1/../../../../arm-none-eabi/lib/thumb/v7e-m+fp/hard\libc_nano.a(libc_a-nano-vfprintf_i.o)
 .rodata._scanf_i.str1.1
                0x0800b13d       0x12 C:/ST/STM32CubeIDE_1.16.0/STM32CubeIDE/plugins/com.st.stm32cube.ide.mcu.externaltools.gnu-tools-for-stm32.12.3.rel1.win32_1.0.200.202406191623/tools/bin/../lib/gcc/arm-none-eabi/12.3.1/../../../../arm-none-eabi/lib/thumb/v7e-m+fp/hard\libc_nano.a(libc_a-nano-vfscanf_i.o)
 .rodata.str1.1
                0x0800b14f        0x9 C:/ST/STM32CubeIDE_1.16.0/STM32CubeIDE/plugins/com.st.stm32cube.ide.mcu.externaltools.gnu-tools-for-stm32.12.3.rel1.win32_1.0.200.202406191623/tools/bin/../lib/gcc/arm-none-eabi/12.3.1/../../../../arm-none-eabi/lib/thumb/v7e-m+fp/hard\libc_nano.a(libc_a-nano-vfscanf_i.o)
 .rodata._ctype_
                0x0800b158      0x101 C:/ST/STM32CubeIDE_1.16.0/STM32CubeIDE/plugins/com.st.stm32cube.ide.mcu.externaltools.gnu-tools-for-stm32.12.3.rel1.win32_1.0.200.202406191623/tools/bin/../lib/gcc/arm-none-eabi/12.3.1/../../../../arm-none-eabi/lib/thumb/v7e-m+fp/hard\libc_nano.a(libc_a-ctype_.o)
                0x0800b158                _ctype_
 .rodata.acos.str1.1
                0x0800b259        0x9 C:/ST/STM32CubeIDE_1.16.0/STM32CubeIDE/plugins/com.st.stm32cube.ide.mcu.externaltools.gnu-tools-for-stm32.12.3.rel1.win32_1.0.200.202406191623/tools/bin/../lib/gcc/arm-none-eabi/12.3.1/../../../../arm-none-eabi/lib/thumb/v7e-m+fp/hard\libm.a(libm_a-w_acos.o)
                                  0x1 (size before relaxing)
 *fill*         0x0800b259        0x7 
 .rodata.dp_l   0x0800b260       0x10 C:/ST/STM32CubeIDE_1.16.0/STM32CubeIDE/plugins/com.st.stm32cube.ide.mcu.externaltools.gnu-tools-for-stm32.12.3.rel1.win32_1.0.200.202406191623/tools/bin/../lib/gcc/arm-none-eabi/12.3.1/../../../../arm-none-eabi/lib/thumb/v7e-m+fp/hard\libm.a(libm_a-e_pow.o)
 .rodata.dp_h   0x0800b270       0x10 C:/ST/STM32CubeIDE_1.16.0/STM32CubeIDE/plugins/com.st.stm32cube.ide.mcu.externaltools.gnu-tools-for-stm32.12.3.rel1.win32_1.0.200.202406191623/tools/bin/../lib/gcc/arm-none-eabi/12.3.1/../../../../arm-none-eabi/lib/thumb/v7e-m+fp/hard\libm.a(libm_a-e_pow.o)
 .rodata.bp     0x0800b280       0x10 C:/ST/STM32CubeIDE_1.16.0/STM32CubeIDE/plugins/com.st.stm32cube.ide.mcu.externaltools.gnu-tools-for-stm32.12.3.rel1.win32_1.0.200.202406191623/tools/bin/../lib/gcc/arm-none-eabi/12.3.1/../../../../arm-none-eabi/lib/thumb/v7e-m+fp/hard\libm.a(libm_a-e_pow.o)
                0x0800b290                        . = ALIGN (0x4)

.ARM.extab      0x0800b290        0x0
                0x0800b290                        . = ALIGN (0x4)
 *(.ARM.extab* .gnu.linkonce.armextab.*)
                0x0800b290                        . = ALIGN (0x4)

.ARM            0x0800b290        0x8
                0x0800b290                        . = ALIGN (0x4)
                0x0800b290                        __exidx_start = .
 *(.ARM.exidx*)
 .ARM.exidx     0x0800b290        0x8 C:/ST/STM32CubeIDE_1.16.0/STM32CubeIDE/plugins/com.st.stm32cube.ide.mcu.externaltools.gnu-tools-for-stm32.12.3.rel1.win32_1.0.200.202406191623/tools/bin/../lib/gcc/arm-none-eabi/12.3.1/../../../../arm-none-eabi/lib/thumb/v7e-m+fp/hard\libc_nano.a(libc_a-strlen.o)
 .ARM.exidx     0x0800b298        0x0 C:/ST/STM32CubeIDE_1.16.0/STM32CubeIDE/plugins/com.st.stm32cube.ide.mcu.externaltools.gnu-tools-for-stm32.12.3.rel1.win32_1.0.200.202406191623/tools/bin/../lib/gcc/arm-none-eabi/12.3.1/../../../../arm-none-eabi/lib/thumb/v7e-m+fp/hard\libc_nano.a(libc_a-memchr.o)
                                  0x8 (size before relaxing)
 .ARM.exidx     0x0800b298        0x0 C:/ST/STM32CubeIDE_1.16.0/STM32CubeIDE/plugins/com.st.stm32cube.ide.mcu.externaltools.gnu-tools-for-stm32.12.3.rel1.win32_1.0.200.202406191623/tools/bin/../lib/gcc/arm-none-eabi/12.3.1/thumb/v7e-m+fp/hard\libgcc.a(_udivmoddi4.o)
                                  0x8 (size before relaxing)
                0x0800b298                        __exidx_end = .
                0x0800b298                        . = ALIGN (0x4)

.rel.dyn        0x0800b298        0x0
 .rel.iplt      0x0800b298        0x0 C:/ST/STM32CubeIDE_1.16.0/STM32CubeIDE/plugins/com.st.stm32cube.ide.mcu.externaltools.gnu-tools-for-stm32.12.3.rel1.win32_1.0.200.202406191623/tools/bin/../lib/gcc/arm-none-eabi/12.3.1/thumb/v7e-m+fp/hard/crtbegin.o

.preinit_array  0x0800b298        0x0
                0x0800b298                        . = ALIGN (0x4)
                0x0800b298                        PROVIDE (__preinit_array_start = .)
 *(.preinit_array*)
                0x0800b298                        PROVIDE (__preinit_array_end = .)
                0x0800b298                        . = ALIGN (0x4)

.init_array     0x0800b298        0x4
                0x0800b298                        . = ALIGN (0x4)
                0x0800b298                        PROVIDE (__init_array_start = .)
 *(SORT_BY_NAME(.init_array.*))
 *(.init_array*)
 .init_array    0x0800b298        0x4 C:/ST/STM32CubeIDE_1.16.0/STM32CubeIDE/plugins/com.st.stm32cube.ide.mcu.externaltools.gnu-tools-for-stm32.12.3.rel1.win32_1.0.200.202406191623/tools/bin/../lib/gcc/arm-none-eabi/12.3.1/thumb/v7e-m+fp/hard/crtbegin.o
                0x0800b29c                        PROVIDE (__init_array_end = .)
                0x0800b29c                        . = ALIGN (0x4)

.fini_array     0x0800b29c        0x4
                0x0800b29c                        . = ALIGN (0x4)
                [!provide]                        PROVIDE (__fini_array_start = .)
 *(SORT_BY_NAME(.fini_array.*))
 *(.fini_array*)
 .fini_array    0x0800b29c        0x4 C:/ST/STM32CubeIDE_1.16.0/STM32CubeIDE/plugins/com.st.stm32cube.ide.mcu.externaltools.gnu-tools-for-stm32.12.3.rel1.win32_1.0.200.202406191623/tools/bin/../lib/gcc/arm-none-eabi/12.3.1/thumb/v7e-m+fp/hard/crtbegin.o
                [!provide]                        PROVIDE (__fini_array_end = .)
                0x0800b2a0                        . = ALIGN (0x4)
                0x0800b2a0                        _sidata = LOADADDR (.data)

.data           0x20000000      0x1f8 load address 0x0800b2a0
                0x20000000                        . = ALIGN (0x4)
                0x20000000                        _sdata = .
 *(.data)
 *(.data*)
 .data.LIM_PEAK_NEG
                0x20000000        0x4 ./Core/Src/main.o
                0x20000000                LIM_PEAK_NEG
 .data.LIM_PEAK_POS
                0x20000004        0x4 ./Core/Src/main.o
                0x20000004                LIM_PEAK_POS
 .data.Ti       0x20000008        0x4 ./Core/Src/main.o
                0x20000008                Ti
 .data.Kp       0x2000000c        0x4 ./Core/Src/main.o
                0x2000000c                Kp
 .data.Vref     0x20000010        0x2 ./Core/Src/main.o
                0x20000010                Vref
 *fill*         0x20000012        0x2 
 .data.SystemCoreClock
                0x20000014        0x4 ./Core/Src/system_stm32g4xx.o
                0x20000014                SystemCoreClock
 .data.uwTickFreq
                0x20000018        0x4 ./Drivers/STM32G4xx_HAL_Driver/Src/stm32g4xx_hal.o
                0x20000018                uwTickFreq
 .data.uwTickPrio
                0x2000001c        0x4 ./Drivers/STM32G4xx_HAL_Driver/Src/stm32g4xx_hal.o
                0x2000001c                uwTickPrio
 .data.USBD_CDC_OtherSpeedCfgDesc
                0x20000020       0x43 ./Middlewares/ST/STM32_USB_Device_Library/Class/CDC/Src/usbd_cdc.o
 *fill*         0x20000063        0x1 
 .data.USBD_CDC_CfgFSDesc
                0x20000064       0x43 ./Middlewares/ST/STM32_USB_Device_Library/Class/CDC/Src/usbd_cdc.o
 *fill*         0x200000a7        0x1 
 .data.USBD_CDC_CfgHSDesc
                0x200000a8       0x43 ./Middlewares/ST/STM32_USB_Device_Library/Class/CDC/Src/usbd_cdc.o
 *fill*         0x200000eb        0x1 
 .data.USBD_CDC
                0x200000ec       0x38 ./Middlewares/ST/STM32_USB_Device_Library/Class/CDC/Src/usbd_cdc.o
                0x200000ec                USBD_CDC
 .data.USBD_CDC_DeviceQualifierDesc
                0x20000124        0xa ./Middlewares/ST/STM32_USB_Device_Library/Class/CDC/Src/usbd_cdc.o
 *fill*         0x2000012e        0x2 
 .data.USBD_Interface_fops_FS
                0x20000130       0x14 ./USB_Device/App/usbd_cdc_if.o
                0x20000130                USBD_Interface_fops_FS
 .data.USBD_StringSerial
                0x20000144       0x1a ./USB_Device/App/usbd_desc.o
                0x20000144                USBD_StringSerial
 *fill*         0x2000015e        0x2 
 .data.USBD_LangIDDesc
                0x20000160        0x4 ./USB_Device/App/usbd_desc.o
                0x20000160                USBD_LangIDDesc
 .data.USBD_CDC_DeviceDesc
                0x20000164       0x12 ./USB_Device/App/usbd_desc.o
                0x20000164                USBD_CDC_DeviceDesc
 *fill*         0x20000176        0x2 
 .data.CDC_Desc
                0x20000178       0x20 ./USB_Device/App/usbd_desc.o
                0x20000178                CDC_Desc
 .data._impure_ptr
                0x20000198        0x4 C:/ST/STM32CubeIDE_1.16.0/STM32CubeIDE/plugins/com.st.stm32cube.ide.mcu.externaltools.gnu-tools-for-stm32.12.3.rel1.win32_1.0.200.202406191623/tools/bin/../lib/gcc/arm-none-eabi/12.3.1/../../../../arm-none-eabi/lib/thumb/v7e-m+fp/hard\libc_nano.a(libc_a-impure.o)
                0x20000198                _impure_ptr
 .data._impure_data
                0x2000019c       0x4c C:/ST/STM32CubeIDE_1.16.0/STM32CubeIDE/plugins/com.st.stm32cube.ide.mcu.externaltools.gnu-tools-for-stm32.12.3.rel1.win32_1.0.200.202406191623/tools/bin/../lib/gcc/arm-none-eabi/12.3.1/../../../../arm-none-eabi/lib/thumb/v7e-m+fp/hard\libc_nano.a(libc_a-impure.o)
                0x2000019c                _impure_data
 .data.tiny     0x200001e8        0x8 C:/ST/STM32CubeIDE_1.16.0/STM32CubeIDE/plugins/com.st.stm32cube.ide.mcu.externaltools.gnu-tools-for-stm32.12.3.rel1.win32_1.0.200.202406191623/tools/bin/../lib/gcc/arm-none-eabi/12.3.1/../../../../arm-none-eabi/lib/thumb/v7e-m+fp/hard\libm.a(libm_a-e_sqrt.o)
 .data.one      0x200001f0        0x8 C:/ST/STM32CubeIDE_1.16.0/STM32CubeIDE/plugins/com.st.stm32cube.ide.mcu.externaltools.gnu-tools-for-stm32.12.3.rel1.win32_1.0.200.202406191623/tools/bin/../lib/gcc/arm-none-eabi/12.3.1/../../../../arm-none-eabi/lib/thumb/v7e-m+fp/hard\libm.a(libm_a-e_sqrt.o)
 *(.RamFunc)
 *(.RamFunc*)
                0x200001f8                        . = ALIGN (0x4)
                0x200001f8                        _edata = .

.igot.plt       0x200001f8        0x0 load address 0x0800b498
 .igot.plt      0x200001f8        0x0 C:/ST/STM32CubeIDE_1.16.0/STM32CubeIDE/plugins/com.st.stm32cube.ide.mcu.externaltools.gnu-tools-for-stm32.12.3.rel1.win32_1.0.200.202406191623/tools/bin/../lib/gcc/arm-none-eabi/12.3.1/thumb/v7e-m+fp/hard/crtbegin.o
                0x200001f8                        . = ALIGN (0x4)

.bss            0x200001f8     0x2280 load address 0x0800b498
                0x200001f8                        _sbss = .
                0x200001f8                        __bss_start__ = _sbss
 *(.bss)
 .bss           0x200001f8       0x1c C:/ST/STM32CubeIDE_1.16.0/STM32CubeIDE/plugins/com.st.stm32cube.ide.mcu.externaltools.gnu-tools-for-stm32.12.3.rel1.win32_1.0.200.202406191623/tools/bin/../lib/gcc/arm-none-eabi/12.3.1/thumb/v7e-m+fp/hard/crtbegin.o
 *(.bss*)
 .bss.currentState
                0x20000214        0x1 ./Core/Src/main.o
                0x20000214                currentState
 .bss.event     0x20000215        0x1 ./Core/Src/main.o
                0x20000215                event
 .bss.CLEAR     0x20000216        0x1 ./Core/Src/main.o
                0x20000216                CLEAR
 .bss.START     0x20000217        0x1 ./Core/Src/main.o
                0x20000217                START
 .bss.prev_delta
                0x20000218        0x4 ./Core/Src/main.o
                0x20000218                prev_delta
 .bss.Integral_I
                0x2000021c        0x4 ./Core/Src/main.o
                0x2000021c                Integral_I
 .bss.dataReceivedFlag
                0x20000220        0x1 ./Core/Src/main.o
                0x20000220                dataReceivedFlag
 .bss.USB_TX_Buffer
                0x20000221       0x80 ./Core/Src/main.o
                0x20000221                USB_TX_Buffer
 .bss.USB_RX_Buffer
                0x200002a1       0x40 ./Core/Src/main.o
                0x200002a1                USB_RX_Buffer
 *fill*         0x200002e1        0x3 
 .bss.ADC5_MOVING_AVERAGE
                0x200002e4        0x4 ./Core/Src/main.o
                0x200002e4                ADC5_MOVING_AVERAGE
 .bss.ADC5_DMA_BUFFER
                0x200002e8       0x14 ./Core/Src/main.o
 .bss.IMAX2_SUM
                0x200002fc        0x4 ./Core/Src/main.o
                0x200002fc                IMAX2_SUM
 .bss.delay_hc  0x20000300        0x4 ./Core/Src/main.o
                0x20000300                delay_hc
 .bss.delay_tr  0x20000304        0x4 ./Core/Src/main.o
                0x20000304                delay_tr
 .bss.ADC4_DMA_BUFFER
                0x20000308        0x2 ./Core/Src/main.o
 .bss.Vramp     0x2000030a        0x2 ./Core/Src/main.o
                0x2000030a                Vramp
 .bss.Vout      0x2000030c        0x2 ./Core/Src/main.o
                0x2000030c                Vout
 *fill*         0x2000030e        0x2 
 .bss.OUTPUT_VOLTAGE
                0x20000310        0x4 ./Core/Src/main.o
                0x20000310                OUTPUT_VOLTAGE
 .bss.step_size
                0x20000314        0x2 ./Core/Src/main.o
                0x20000314                step_size
 .bss.ADC3_DMA_BUFFER
                0x20000316        0xa ./Core/Src/main.o
 .bss.HEAT_SINK_TEMP
                0x20000320        0x4 ./Core/Src/main.o